Archive member included to satisfy reference by file (symbol)

/opt/st/stm32cubeide_2.1.0/plugins/com.st.stm32cube.ide.mcu.externaltools.gnu-tools-for-stm32.14.3.rel1.linux64_1.0.100.202602081740/tools/bin/../lib/gcc/arm-none-eabi/14.3.1/../../../../arm-none-eabi/lib/thumb/v7e-m+fp/hard/libc_nano.a(libc_a-exit.o)
                              /opt/st/stm32cubeide_2.1.0/plugins/com.st.stm32cube.ide.mcu.externaltools.gnu-tools-for-stm32.14.3.rel1.linux64_1.0.100.202602081740/tools/bin/../lib/gcc/arm-none-eabi/14.3.1/../../../../arm-none-eabi/lib/thumb/v7e-m+fp/hard/crt0.o (exit)
/opt/st/stm32cubeide_2.1.0/plugins/com.st.stm32cube.ide.mcu.externaltools.gnu-tools-for-stm32.14.3.rel1.linux64_1.0.100.202602081740/tools/bin/../lib/gcc/arm-none-eabi/14.3.1/../../../../arm-none-eabi/lib/thumb/v7e-m+fp/hard/libc_nano.a(libc_a-findfp.o)
                              /opt/st/stm32cubeide_2.1.0/plugins/com.st.stm32cube.ide.mcu.externaltools.gnu-tools-for-stm32.14.3.rel1.linux64_1.0.100.202602081740/tools/bin/../lib/gcc/arm-none-eabi/14.3.1/../../../../arm-none-eabi/lib/thumb/v7e-m+fp/hard/libc_nano.a(libc_a-exit.o) (__stdio_exit_handler)
/opt/st/stm32cubeide_2.1.0/plugins/com.st.stm32cube.ide.mcu.externaltools.gnu-tools-for-stm32.14.3.rel1.linux64_1.0.100.202602081740/tools/bin/../lib/gcc/arm-none-eabi/14.3.1/../../../../arm-none-eabi/lib/thumb/v7e-m+fp/hard/libc_nano.a(libc_a-fwalk.o)
                              /opt/st/stm32cubeide_2.1.0/plugins/com.st.stm32cube.ide.mcu.externaltools.gnu-tools-for-stm32.14.3.rel1.linux64_1.0.100.202602081740/tools/bin/../lib/gcc/arm-none-eabi/14.3.1/../../../../arm-none-eabi/lib/thumb/v7e-m+fp/hard/libc_nano.a(libc_a-findfp.o) (_fwalk_sglue)
/opt/st/stm32cubeide_2.1.0/plugins/com.st.stm32cube.ide.mcu.externaltools.gnu-tools-for-stm32.14.3.rel1.linux64_1.0.100.202602081740/tools/bin/../lib/gcc/arm-none-eabi/14.3.1/../../../../arm-none-eabi/lib/thumb/v7e-m+fp/hard/libc_nano.a(libc_a-printf.o)
                              ./Core/Src/main.o (printf)
/opt/st/stm32cubeide_2.1.0/plugins/com.st.stm32cube.ide.mcu.externaltools.gnu-tools-for-stm32.14.3.rel1.linux64_1.0.100.202602081740/tools/bin/../lib/gcc/arm-none-eabi/14.3.1/../../../../arm-none-eabi/lib/thumb/v7e-m+fp/hard/libc_nano.a(libc_a-puts.o)
                              ./Core/Src/main.o (puts)
/opt/st/stm32cubeide_2.1.0/plugins/com.st.stm32cube.ide.mcu.externaltools.gnu-tools-for-stm32.14.3.rel1.linux64_1.0.100.202602081740/tools/bin/../lib/gcc/arm-none-eabi/14.3.1/../../../../arm-none-eabi/lib/thumb/v7e-m+fp/hard/libc_nano.a(libc_a-stdio.o)
                              /opt/st/stm32cubeide_2.1.0/plugins/com.st.stm32cube.ide.mcu.externaltools.gnu-tools-for-stm32.14.3.rel1.linux64_1.0.100.202602081740/tools/bin/../lib/gcc/arm-none-eabi/14.3.1/../../../../arm-none-eabi/lib/thumb/v7e-m+fp/hard/libc_nano.a(libc_a-findfp.o) (__sread)
/opt/st/stm32cubeide_2.1.0/plugins/com.st.stm32cube.ide.mcu.externaltools.gnu-tools-for-stm32.14.3.rel1.linux64_1.0.100.202602081740/tools/bin/../lib/gcc/arm-none-eabi/14.3.1/../../../../arm-none-eabi/lib/thumb/v7e-m+fp/hard/libc_nano.a(libc_a-wbuf.o)
                              /opt/st/stm32cubeide_2.1.0/plugins/com.st.stm32cube.ide.mcu.externaltools.gnu-tools-for-stm32.14.3.rel1.linux64_1.0.100.202602081740/tools/bin/../lib/gcc/arm-none-eabi/14.3.1/../../../../arm-none-eabi/lib/thumb/v7e-m+fp/hard/libc_nano.a(libc_a-puts.o) (__swbuf_r)
/opt/st/stm32cubeide_2.1.0/plugins/com.st.stm32cube.ide.mcu.externaltools.gnu-tools-for-stm32.14.3.rel1.linux64_1.0.100.202602081740/tools/bin/../lib/gcc/arm-none-eabi/14.3.1/../../../../arm-none-eabi/lib/thumb/v7e-m+fp/hard/libc_nano.a(libc_a-wsetup.o)
                              /opt/st/stm32cubeide_2.1.0/plugins/com.st.stm32cube.ide.mcu.externaltools.gnu-tools-for-stm32.14.3.rel1.linux64_1.0.100.202602081740/tools/bin/../lib/gcc/arm-none-eabi/14.3.1/../../../../arm-none-eabi/lib/thumb/v7e-m+fp/hard/libc_nano.a(libc_a-puts.o) (__swsetup_r)
/opt/st/stm32cubeide_2.1.0/plugins/com.st.stm32cube.ide.mcu.externaltools.gnu-tools-for-stm32.14.3.rel1.linux64_1.0.100.202602081740/tools/bin/../lib/gcc/arm-none-eabi/14.3.1/../../../../arm-none-eabi/lib/thumb/v7e-m+fp/hard/libc_nano.a(libc_a-memset.o)
                              /opt/st/stm32cubeide_2.1.0/plugins/com.st.stm32cube.ide.mcu.externaltools.gnu-tools-for-stm32.14.3.rel1.linux64_1.0.100.202602081740/tools/bin/../lib/gcc/arm-none-eabi/14.3.1/../../../../arm-none-eabi/lib/thumb/v7e-m+fp/hard/crt0.o (memset)
/opt/st/stm32cubeide_2.1.0/plugins/com.st.stm32cube.ide.mcu.externaltools.gnu-tools-for-stm32.14.3.rel1.linux64_1.0.100.202602081740/tools/bin/../lib/gcc/arm-none-eabi/14.3.1/../../../../arm-none-eabi/lib/thumb/v7e-m+fp/hard/libc_nano.a(libc_a-closer.o)
[...]
Memory Configuration

Name             Origin             Length             Attributes
RAM              0x20000000         0x00020000         xrw
FLASH            0x08000000         0x00080000         xr
*default*        0x00000000         0xffffffff

Linker script and memory map

LOAD /opt/st/stm32cubeide_2.1.0/plugins/com.st.stm32cube.ide.mcu.externaltools.gnu-tools-for-stm32.14.3.rel1.linux64_1.0.100.202602081740/tools/bin/../lib/gcc/arm-none-eabi/14.3.1/thumb/v7e-m+fp/hard/crti.o
LOAD /opt/st/stm32cubeide_2.1.0/plugins/com.st.stm32cube.ide.mcu.externaltools.gnu-tools-for-stm32.14.3.rel1.linux64_1.0.100.202602081740/tools/bin/../lib/gcc/arm-none-eabi/14.3.1/thumb/v7e-m+fp/hard/crtbegin.o
LOAD /opt/st/stm32cubeide_2.1.0/plugins/com.st.stm32cube.ide.mcu.externaltools.gnu-tools-for-stm32.14.3.rel1.linux64_1.0.100.202602081740/tools/bin/../lib/gcc/arm-none-eabi/14.3.1/../../../../arm-none-eabi/lib/thumb/v7e-m+fp/hard/crt0.o
LOAD ./Core/Src/euler.o
LOAD ./Core/Src/main.o
LOAD ./Core/Src/sh2.o
LOAD ./Core/Src/sh2_SensorValue.o
LOAD ./Core/Src/sh2_util.o
LOAD ./Core/Src/shtp.o
LOAD ./Core/Src/stm32f4xx_hal_msp.o
LOAD ./Core/Src/stm32f4xx_it.o
LOAD ./Core/Src/sx1278.o
LOAD ./Core/Src/syscalls.o
LOAD ./Core/Src/sysmem.o
LOAD ./Core/Src/system_stm32f4xx.o
LOAD ./Core/Src/telemetry.o
LOAD ./Core/Startup/startup_stm32f411ceux.o
LOAD ./Drivers/STM32F4xx_HAL_Driver/Src/stm32f4xx_hal.o
LOAD ./Drivers/STM32F4xx_HAL_Driver/Src/stm32f4xx_hal_cortex.o
LOAD ./Drivers/STM32F4xx_HAL_Driver/Src/stm32f4xx_hal_dma.o
LOAD ./Drivers/STM32F4xx_HAL_Driver/Src/stm32f4xx_hal_dma_ex.o
LOAD ./Drivers/STM32F4xx_HAL_Driver/Src/stm32f4xx_hal_exti.o
LOAD ./Drivers/STM32F4xx_HAL_Driver/Src/stm32f4xx_hal_flash.o
LOAD ./Drivers/STM32F4xx_HAL_Driver/Src/stm32f4xx_hal_flash_ex.o
LOAD ./Drivers/STM32F4xx_HAL_Driver/Src/stm32f4xx_hal_flash_ramfunc.o
LOAD ./Drivers/STM32F4xx_HAL_Driver/Src/stm32f4xx_hal_gpio.o
LOAD ./Drivers/STM32F4xx_HAL_Driver/Src/stm32f4xx_hal_i2c.o
LOAD ./Drivers/STM32F4xx_HAL_Driver/Src/stm32f4xx_hal_i2c_ex.o
LOAD ./Drivers/STM32F4xx_HAL_Driver/Src/stm32f4xx_hal_pwr.o
LOAD ./Drivers/STM32F4xx_HAL_Driver/Src/stm32f4xx_hal_pwr_ex.o
LOAD ./Drivers/STM32F4xx_HAL_Driver/Src/stm32f4xx_hal_rcc.o
LOAD ./Drivers/STM32F4xx_HAL_Driver/Src/stm32f4xx_hal_rcc_ex.o
LOAD ./Drivers/STM32F4xx_HAL_Driver/Src/stm32f4xx_hal_spi.o
START GROUP
LOAD /opt/st/stm32cubeide_2.1.0/plugins/com.st.stm32cube.ide.mcu.externaltools.gnu-tools-for-stm32.14.3.rel1.linux64_1.0.100.202602081740/tools/bin/../lib/gcc/arm-none-eabi/14.3.1/../../../../arm-none-eabi/lib/thumb/v7e-m+fp/hard/libc_nano.a
LOAD /opt/st/stm32cubeide_2.1.0/plugins/com.st.stm32cube.ide.mcu.externaltools.gnu-tools-for-stm32.14.3.rel1.linux64_1.0.100.202602081740/tools/bin/../lib/gcc/arm-none-eabi/14.3.1/../../../../arm-none-eabi/lib/thumb/v7e-m+fp/hard/libm.a
END GROUP
START GROUP
LOAD /opt/st/stm32cubeide_2.1.0/plugins/com.st.stm32cube.ide.mcu.externaltools.gnu-tools-for-stm32.14.3.rel1.linux64_1.0.100.202602081740/tools/bin/../lib/gcc/arm-none-eabi/14.3.1/thumb/v7e-m+fp/hard/libgcc.a
LOAD /opt/st/stm32cubeide_2.1.0/plugins/com.st.stm32cube.ide.mcu.externaltools.gnu-tools-for-stm32.14.3.rel1.linux64_1.0.100.202602081740/tools/bin/../lib/gcc/arm-none-eabi/14.3.1/../../../../arm-none-eabi/lib/thumb/v7e-m+fp/hard/libc_nano.a
END GROUP
START GROUP
LOAD /opt/st/stm32cubeide_2.1.0/plugins/com.st.stm32cube.ide.mcu.externaltools.gnu-tools-for-stm32.14.3.rel1.linux64_1.0.100.202602081740/tools/bin/../lib/gcc/arm-none-eabi/14.3.1/thumb/v7e-m+fp/hard/libgcc.a
LOAD /opt/st/stm32cubeide_2.1.0/plugins/com.st.stm32cube.ide.mcu.externaltools.gnu-tools-for-stm32.14.3.rel1.linux64_1.0.100.202602081740/tools/bin/../lib/gcc/arm-none-eabi/14.3.1/../../../../arm-none-eabi/lib/thumb/v7e-m+fp/hard/libc_nano.a
LOAD /opt/st/stm32cubeide_2.1.0/plugins/com.st.stm32cube.ide.mcu.externaltools.gnu-tools-for-stm32.14.3.rel1.linux64_1.0.100.202602081740/tools/bin/../lib/gcc/arm-none-eabi/14.3.1/../../../../arm-none-eabi/lib/thumb/v7e-m+fp/hard/libnosys.a
END GROUP
START GROUP
LOAD /opt/st/stm32cubeide_2.1.0/plugins/com.st.stm32cube.ide.mcu.externaltools.gnu-tools-for-stm32.14.3.rel1.linux64_1.0.100.202602081740/tools/bin/../lib/gcc/arm-none-eabi/14.3.1/thumb/v7e-m+fp/hard/libgcc.a
LOAD /opt/st/stm32cubeide_2.1.0/plugins/com.st.stm32cube.ide.mcu.externaltools.gnu-tools-for-stm32.14.3.rel1.linux64_1.0.100.202602081740/tools/bin/../lib/gcc/arm-none-eabi/14.3.1/../../../../arm-none-eabi/lib/thumb/v7e-m+fp/hard/libc_nano.a
LOAD /opt/st/stm32cubeide_2.1.0/plugins/com.st.stm32cube.ide.mcu.externaltools.gnu-tools-for-stm32.14.3.rel1.linux64_1.0.100.202602081740/tools/bin/../lib/gcc/arm-none-eabi/14.3.1/../../../../arm-none-eabi/lib/thumb/v7e-m+fp/hard/libnosys.a
END GROUP
LOAD /opt/st/stm32cubeide_2.1.0/plugins/com.st.stm32cube.ide.mcu.externaltools.gnu-tools-for-stm32.14.3.rel1.linux64_1.0.100.202602081740/tools/bin/../lib/gcc/arm-none-eabi/14.3.1/thumb/v7e-m+fp/hard/crtend.o
LOAD /opt/st/stm32cubeide_2.1.0/plugins/com.st.stm32cube.ide.mcu.externaltools.gnu-tools-for-stm32.14.3.rel1.linux64_1.0.100.202602081740/tools/bin/../lib/gcc/arm-none-eabi/14.3.1/thumb/v7e-m+fp/hard/crtn.o
                0x20020000                        _estack = (ORIGIN (RAM) + LENGTH (RAM))
                0x00000200                        _Min_Heap_Size = 0x200
                0x00000400                        _Min_Stack_Size = 0x400

.isr_vector     0x08000000      0x198
                0x08000000                        . = ALIGN (0x4)
 *(.isr_vector)
 .isr_vector    0x08000000      0x198 ./Core/Startup/startup_stm32f411ceux.o
                0x08000000                g_pfnVectors
                0x08000198                        . = ALIGN (0x4)

.text           0x080001a0     0x7fa8
                0x080001a0                        . = ALIGN (0x4)
 *(.text)
 .text          0x080001a0       0x40 /opt/st/stm32cubeide_2.1.0/plugins/com.st.stm32cube.ide.mcu.externaltools.gnu-tools-for-stm32.14.3.rel1.linux64_1.0.100.202602081740/tools/bin/../lib/gcc/arm-none-eabi/14.3.1/thumb/v7e-m+fp/hard/crtbegin.o
 .text          0x080001e0       0xa0 /opt/st/stm32cubeide_2.1.0/plugins/com.st.stm32cube.ide.mcu.externaltools.gnu-tools-for-stm32.14.3.rel1.linux64_1.0.100.202602081740/tools/bin/../lib/gcc/arm-none-eabi/14.3.1/../../../../arm-none-eabi/lib/thumb/v7e-m+fp/hard/libc_nano.a(libc_a-memchr.o)
                0x080001e0                memchr
 .text          0x08000280       0xa0 /opt/st/stm32cubeide_2.1.0/plugins/com.st.stm32cube.ide.mcu.externaltools.gnu-tools-for-stm32.14.3.rel1.linux64_1.0.100.202602081740/tools/bin/../lib/gcc/arm-none-eabi/14.3.1/thumb/v7e-m+fp/hard/libgcc.a(_aeabi_ldivmod.o)
                0x08000280                __aeabi_ldivmod
 .text          0x08000320       0x30 /opt/st/stm32cubeide_2.1.0/plugins/com.st.stm32cube.ide.mcu.externaltools.gnu-tools-for-stm32.14.3.rel1.linux64_1.0.100.202602081740/tools/bin/../lib/gcc/arm-none-eabi/14.3.1/thumb/v7e-m+fp/hard/libgcc.a(_aeabi_uldivmod.o)
                0x08000320                __aeabi_uldivmod
 .text          0x08000350      0x2f8 /opt/st/stm32cubeide_2.1.0/plugins/com.st.stm32cube.ide.mcu.externaltools.gnu-tools-for-stm32.14.3.rel1.linux64_1.0.100.202602081740/tools/bin/../lib/gcc/arm-none-eabi/14.3.1/thumb/v7e-m+fp/hard/libgcc.a(_udivmoddi4.o)
                0x08000350                __udivmoddi4
 .text          0x08000648        0x4 /opt/st/stm32cubeide_2.1.0/plugins/com.st.stm32cube.ide.mcu.externaltools.gnu-tools-for-stm32.14.3.rel1.linux64_1.0.100.202602081740/tools/bin/../lib/gcc/arm-none-eabi/14.3.1/thumb/v7e-m+fp/hard/libgcc.a(_dvmd_tls.o)
                0x08000648                __aeabi_ldiv0
                0x08000648                __aeabi_idiv0
 *(.text*)
 .text.sh2_event_cb
                0x0800064c       0x16 ./Core/Src/main.o
 *fill*         0x08000662        0x2 
 .text.leer_bno
                0x08000664       0x7c ./Core/Src/main.o
 .text.dwt_init
                0x080006e0       0x34 ./Core/Src/main.o
 .text.micros32
                0x08000714       0x30 ./Core/Src/main.o
 .text.sh2hal_open
                0x08000744       0x48 ./Core/Src/main.o
 .text.sh2hal_close
                0x0800078c       0x20 ./Core/Src/main.o
 .text.sh2hal_read
                0x080007ac      0x120 ./Core/Src/main.o
 .text.sh2hal_write
                0x080008cc       0x38 ./Core/Src/main.o
 .text.sh2hal_getTimeUs
                0x08000904       0x16 ./Core/Src/main.o
 *fill*         0x0800091a        0x2 
 .text.bno085_notify_int
                0x0800091c       0x20 ./Core/Src/main.o
                0x0800091c                bno085_notify_int
 .text.i2c_wr   0x0800093c       0x64 ./Core/Src/main.o
 .text.i2c_rd   0x080009a0       0x5c ./Core/Src/main.o
 .text.i2c_scan
                0x080009fc       0x58 ./Core/Src/main.o
 .text.bme280_read_calib
                0x08000a54      0x19c ./Core/Src/main.o
 .text.bme280_init
                0x08000bf0       0xa0 ./Core/Src/main.o
 .text.bme280_comp_T
                0x08000c90       0x74 ./Core/Src/main.o
 .text.bme280_comp_P
                0x08000d04      0x56c ./Core/Src/main.o
 .text.bme280_comp_H
                0x08001270       0xc0 ./Core/Src/main.o
 .text.bme280_read
                0x08001330       0x94 ./Core/Src/main.o
 .text.main     0x080013c4      0x268 ./Core/Src/main.o
                0x080013c4                main
 .text.SystemClock_Config
                0x0800162c       0xd0 ./Core/Src/main.o
                0x0800162c                SystemClock_Config
 .text.MX_I2C1_Init
                0x080016fc       0x5c ./Core/Src/main.o
 .text.MX_SPI1_Init
                0x08001758       0x6c ./Core/Src/main.o
 .text.MX_USART2_UART_Init
                0x080017c4        0xe ./Core/Src/main.o
 *fill*         0x080017d2        0x2 
 .text.MX_GPIO_Init
                0x080017d4       0xf8 ./Core/Src/main.o
 .text.HAL_GPIO_EXTI_Callback
                0x080018cc       0x28 ./Core/Src/main.o
                0x080018cc                HAL_GPIO_EXTI_Callback
 .text.Error_Handler
                0x080018f4        0xc ./Core/Src/main.o
                0x080018f4                Error_Handler
 .text.opStart  0x08001900       0x4a ./Core/Src/sh2.o
 .text.opRx     0x0800194a       0x36 ./Core/Src/sh2.o
 .text.opCompleted
                0x08001980       0x24 ./Core/Src/sh2.o
 .text.opOnReset
                0x080019a4       0x38 ./Core/Src/sh2.o
 .text.getReportLen
                0x080019dc       0x48 ./Core/Src/sh2.o
 .text.sensorhubControlHdlr
                0x08001a24      0x15c ./Core/Src/sh2.o
 .text.opProcess
                0x08001b80       0xa8 ./Core/Src/sh2.o
 .text.touSTimestamp
                0x08001c28       0x88 ./Core/Src/sh2.o
 .text.sensorhubInputHdlr
                0x08001cb0      0x160 ./Core/Src/sh2.o
 .text.sensorhubInputNormalHdlr
                0x08001e10       0x28 ./Core/Src/sh2.o
 .text.sensorhubInputWakeHdlr
                0x08001e38       0x28 ./Core/Src/sh2.o
 .text.sensorhubInputGyroRvHdlr
                0x08001e60       0xa2 ./Core/Src/sh2.o
 *fill*         0x08001f02        0x2 
 .text.executableDeviceHdlr
                0x08001f04       0x78 ./Core/Src/sh2.o
 .text.sendCtrl
                0x08001f7c       0x26 ./Core/Src/sh2.o
 .text.setSensorConfigStart
                0x08001fa2       0xda ./Core/Src/sh2.o
 .text.shtpEventCallback
                0x0800207c       0x44 ./Core/Src/sh2.o
 .text.sh2_open
                0x080020c0      0x134 ./Core/Src/sh2.o
                0x080020c0                sh2_open
 .text.sh2_service
                0x080021f4       0x28 ./Core/Src/sh2.o
                0x080021f4                sh2_service
 .text.sh2_setSensorCallback
                0x0800221c       0x2c ./Core/Src/sh2.o
                0x0800221c                sh2_setSensorCallback
 .text.sh2_setSensorConfig
                0x08002248       0x54 ./Core/Src/sh2.o
                0x08002248                sh2_setSensorConfig
 .text.sh2_decodeSensorEvent
                0x0800229c      0x318 ./Core/Src/sh2_SensorValue.o
                0x0800229c                sh2_decodeSensorEvent
 .text.decodeRawAccelerometer
                0x080025b4       0x5c ./Core/Src/sh2_SensorValue.o
 .text.decodeAccelerometer
                0x08002610       0x80 ./Core/Src/sh2_SensorValue.o
 .text.decodeLinearAcceleration
                0x08002690       0x80 ./Core/Src/sh2_SensorValue.o
 .text.decodeGravity
                0x08002710       0x80 ./Core/Src/sh2_SensorValue.o
 .text.decodeRawGyroscope
                0x08002790       0x6e ./Core/Src/sh2_SensorValue.o
 *fill*         0x080027fe        0x2 
 .text.decodeGyroscopeCalibrated
                0x08002800       0x80 ./Core/Src/sh2_SensorValue.o
 .text.decodeGyroscopeUncal
                0x08002880       0xe4 ./Core/Src/sh2_SensorValue.o
 .text.decodeRawMagnetometer
                0x08002964       0x5c ./Core/Src/sh2_SensorValue.o
 .text.decodeMagneticFieldCalibrated
                0x080029c0       0x80 ./Core/Src/sh2_SensorValue.o
 .text.decodeMagneticFieldUncal
                0x08002a40       0xe4 ./Core/Src/sh2_SensorValue.o
 .text.decodeRotationVector
                0x08002b24       0xc8 ./Core/Src/sh2_SensorValue.o
 .text.decodeGameRotationVector
                0x08002bec       0xa0 ./Core/Src/sh2_SensorValue.o
 .text.decodeGeomagneticRotationVector
                0x08002c8c       0xc8 ./Core/Src/sh2_SensorValue.o
 .text.decodePressure
                0x08002d54       0x38 ./Core/Src/sh2_SensorValue.o
 .text.decodeAmbientLight
                0x08002d8c       0x38 ./Core/Src/sh2_SensorValue.o
 .text.decodeHumidity
                0x08002dc4       0x3c ./Core/Src/sh2_SensorValue.o
 .text.decodeProximity
                0x08002e00       0x3c ./Core/Src/sh2_SensorValue.o
 .text.decodeTemperature
                0x08002e3c       0x3c ./Core/Src/sh2_SensorValue.o
 .text.decodeReserved
                0x08002e78       0x3c ./Core/Src/sh2_SensorValue.o
 .text.decodeTapDetector
                0x08002eb4       0x20 ./Core/Src/sh2_SensorValue.o
 .text.decodeStepDetector
                0x08002ed4       0x24 ./Core/Src/sh2_SensorValue.o
 .text.decodeStepCounter
                0x08002ef8       0x36 ./Core/Src/sh2_SensorValue.o
 .text.decodeSignificantMotion
                0x08002f2e       0x26 ./Core/Src/sh2_SensorValue.o
 .text.decodeStabilityClassifier
                0x08002f54       0x20 ./Core/Src/sh2_SensorValue.o
 .text.decodeShakeDetector
                0x08002f74       0x26 ./Core/Src/sh2_SensorValue.o
 .text.decodeFlipDetector
                0x08002f9a       0x26 ./Core/Src/sh2_SensorValue.o
 .text.decodePickupDetector
                0x08002fc0       0x26 ./Core/Src/sh2_SensorValue.o
 .text.decodeStabilityDetector
                0x08002fe6       0x26 ./Core/Src/sh2_SensorValue.o
 .text.decodePersonalActivityClassifier
                0x0800300c       0x66 ./Core/Src/sh2_SensorValue.o
 .text.decodeSleepDetector
                0x08003072       0x20 ./Core/Src/sh2_SensorValue.o
 .text.decodeTiltDetector
                0x08003092       0x26 ./Core/Src/sh2_SensorValue.o
 .text.decodePocketDetector
                0x080030b8       0x26 ./Core/Src/sh2_SensorValue.o
 .text.decodeCircleDetector
                0x080030de       0x26 ./Core/Src/sh2_SensorValue.o
 .text.decodeHeartRateMonitor
                0x08003104       0x26 ./Core/Src/sh2_SensorValue.o
 *fill*         0x0800312a        0x2 
 .text.decodeArvrStabilizedRV
                0x0800312c       0xc8 ./Core/Src/sh2_SensorValue.o
 .text.decodeArvrStabilizedGRV
                0x080031f4       0xa0 ./Core/Src/sh2_SensorValue.o
 .text.decodeGyroIntegratedRV
                0x08003294      0x10c ./Core/Src/sh2_SensorValue.o
 .text.decodeIZroRequest
                0x080033a0       0x28 ./Core/Src/sh2_SensorValue.o
 .text.decodeRawOptFlow
                0x080033c8       0xfa ./Core/Src/sh2_SensorValue.o
 *fill*         0x080034c2        0x2 
 .text.decodeDeadReckoningPose
                0x080034c4      0x1d4 ./Core/Src/sh2_SensorValue.o
 .text.decodeWheelEncoder
                0x08003698       0x5c ./Core/Src/sh2_SensorValue.o
 .text.readu16  0x080036f4       0x2e ./Core/Src/sh2_util.o
                0x080036f4                readu16
 .text.readu32  0x08003722       0x3c ./Core/Src/sh2_util.o
                0x08003722                readu32
 .text.read8    0x0800375e       0x1e ./Core/Src/sh2_util.o
                0x0800375e                read8
 .text.read16   0x0800377c       0x2e ./Core/Src/sh2_util.o
                0x0800377c                read16
 .text.read32   0x080037aa       0x3c ./Core/Src/sh2_util.o
                0x080037aa                read32
 *fill*         0x080037e6        0x2 
 .text.shtp_init
                0x080037e8       0x44 ./Core/Src/shtp.o
 .text.getInstance
                0x0800382c       0x50 ./Core/Src/shtp.o
 .text.min_u16  0x0800387c       0x2a ./Core/Src/shtp.o
 .text.txProcess
                0x080038a6      0x12a ./Core/Src/shtp.o
 .text.rxAssemble
                0x080039d0      0x2bc ./Core/Src/shtp.o
 .text.shtp_open
                0x08003c8c       0x68 ./Core/Src/shtp.o
                0x08003c8c                shtp_open
 .text.shtp_setEventCallback
                0x08003cf4       0x28 ./Core/Src/shtp.o
                0x08003cf4                shtp_setEventCallback
 .text.shtp_listenChan
                0x08003d1c       0x60 ./Core/Src/shtp.o
                0x08003d1c                shtp_listenChan
 .text.shtp_send
                0x08003d7c       0x62 ./Core/Src/shtp.o
                0x08003d7c                shtp_send
 .text.shtp_service
                0x08003dde       0x4c ./Core/Src/shtp.o
                0x08003dde                shtp_service
 *fill*         0x08003e2a        0x2 
 .text.HAL_MspInit
                0x08003e2c       0x50 ./Core/Src/stm32f4xx_hal_msp.o
                0x08003e2c                HAL_MspInit
 .text.HAL_I2C_MspInit
                0x08003e7c       0x90 ./Core/Src/stm32f4xx_hal_msp.o
                0x08003e7c                HAL_I2C_MspInit
 .text.HAL_SPI_MspInit
                0x08003f0c       0x90 ./Core/Src/stm32f4xx_hal_msp.o
                0x08003f0c                HAL_SPI_MspInit
 .text.NMI_Handler
                0x08003f9c        0x8 ./Core/Src/stm32f4xx_it.o
                0x08003f9c                NMI_Handler
 .text.HardFault_Handler
                0x08003fa4        0x8 ./Core/Src/stm32f4xx_it.o
                0x08003fa4                HardFault_Handler
 .text.MemManage_Handler
                0x08003fac        0x8 ./Core/Src/stm32f4xx_it.o
                0x08003fac                MemManage_Handler
 .text.BusFault_Handler
                0x08003fb4        0x8 ./Core/Src/stm32f4xx_it.o
                0x08003fb4                BusFault_Handler
 .text.UsageFault_Handler
                0x08003fbc        0x8 ./Core/Src/stm32f4xx_it.o
                0x08003fbc                UsageFault_Handler
 .text.SVC_Handler
                0x08003fc4        0xe ./Core/Src/stm32f4xx_it.o
                0x08003fc4                SVC_Handler
 .text.DebugMon_Handler
                0x08003fd2        0xe ./Core/Src/stm32f4xx_it.o
                0x08003fd2                DebugMon_Handler
 .text.PendSV_Handler
                0x08003fe0        0xe ./Core/Src/stm32f4xx_it.o
                0x08003fe0                PendSV_Handler
 .text.SysTick_Handler
                0x08003fee        0xc ./Core/Src/stm32f4xx_it.o
                0x08003fee                SysTick_Handler
 .text.EXTI9_5_IRQHandler
                0x08003ffa       0x10 ./Core/Src/stm32f4xx_it.o
                0x08003ffa                EXTI9_5_IRQHandler
 *fill*         0x0800400a        0x2 
 .text.cs_low   0x0800400c       0x18 ./Core/Src/sx1278.o
 .text.cs_high  0x08004024       0x18 ./Core/Src/sx1278.o
 .text.sx1278_write
                0x0800403c       0x40 ./Core/Src/sx1278.o
                0x0800403c                sx1278_write
 .text.sx1278_read
                0x0800407c       0x48 ./Core/Src/sx1278.o
                0x0800407c                sx1278_read
 .text.sx1278_reset
                0x080040c4       0x2c ./Core/Src/sx1278.o
                0x080040c4                sx1278_reset
 .text.sx1278_init
                0x080040f0       0x9a ./Core/Src/sx1278.o
                0x080040f0                sx1278_init
 *fill*         0x0800418a        0x2 
 .text.sx1278_send
                0x0800418c       0x70 ./Core/Src/sx1278.o
                0x0800418c                sx1278_send
 .text.sx1278_check
                0x080041fc       0x1a ./Core/Src/sx1278.o
                0x080041fc                sx1278_check
 .text._read    0x08004216       0x3a ./Core/Src/syscalls.o
                0x08004216                _read
 .text._write   0x08004250       0x38 ./Core/Src/syscalls.o
                0x08004250                _write
 .text._close   0x08004288       0x18 ./Core/Src/syscalls.o
                0x08004288                _close
 .text._fstat   0x080042a0       0x20 ./Core/Src/syscalls.o
                0x080042a0                _fstat
 .text._isatty  0x080042c0       0x16 ./Core/Src/syscalls.o
                0x080042c0                _isatty
 .text._lseek   0x080042d6       0x1a ./Core/Src/syscalls.o
                0x080042d6                _lseek
 .text._sbrk    0x080042f0       0x6c ./Core/Src/sysmem.o
                0x080042f0                _sbrk
 .text.SystemInit
                0x0800435c       0x24 ./Core/Src/system_stm32f4xx.o
                0x0800435c                SystemInit
 .text.telemetry_checksum
                0x08004380       0x40 ./Core/Src/telemetry.o
 .text.telemetry_build_LoRa
                0x080043c0       0x68 ./Core/Src/telemetry.o
                0x080043c0                telemetry_build_LoRa
 .text.telemetry_LoRa_BNO
                0x08004428       0x50 ./Core/Src/telemetry.o
                0x08004428                telemetry_LoRa_BNO
 .text.Reset_Handler
                0x08004478       0x50 ./Core/Startup/startup_stm32f411ceux.o
                0x08004478                Reset_Handler
 .text.Default_Handler
                0x080044c8        0x2 ./Core/Startup/startup_stm32f411ceux.o
                0x080044c8                RTC_Alarm_IRQHandler
                0x080044c8                EXTI2_IRQHandler
                0x080044c8                SPI4_IRQHandler
                0x080044c8                TIM1_CC_IRQHandler
                0x080044c8                DMA2_Stream5_IRQHandler
                0x080044c8                DMA1_Stream5_IRQHandler
                0x080044c8                PVD_IRQHandler
                0x080044c8                SDIO_IRQHandler
                0x080044c8                TAMP_STAMP_IRQHandler
                0x080044c8                EXTI3_IRQHandler
                0x080044c8                TIM1_UP_TIM10_IRQHandler
                0x080044c8                I2C3_ER_IRQHandler
                0x080044c8                EXTI0_IRQHandler
                0x080044c8                I2C2_EV_IRQHandler
                0x080044c8                DMA1_Stream2_IRQHandler
                0x080044c8                FPU_IRQHandler
                0x080044c8                DMA2_Stream2_IRQHandler
                0x080044c8                SPI1_IRQHandler
                0x080044c8                TIM1_BRK_TIM9_IRQHandler
                0x080044c8                DMA2_Stream3_IRQHandler
                0x080044c8                USART6_IRQHandler
                0x080044c8                DMA2_Stream0_IRQHandler
                0x080044c8                TIM4_IRQHandler
                0x080044c8                I2C1_EV_IRQHandler
                0x080044c8                DMA1_Stream6_IRQHandler
                0x080044c8                DMA1_Stream1_IRQHandler
                0x080044c8                TIM3_IRQHandler
                0x080044c8                RCC_IRQHandler
                0x080044c8                Default_Handler
                0x080044c8                EXTI15_10_IRQHandler
                0x080044c8                ADC_IRQHandler
                0x080044c8                DMA1_Stream7_IRQHandler
                0x080044c8                SPI5_IRQHandler
                0x080044c8                TIM5_IRQHandler
                0x080044c8                DMA2_Stream7_IRQHandler
                0x080044c8                I2C3_EV_IRQHandler
                0x080044c8                RTC_WKUP_IRQHandler
                0x080044c8                SPI2_IRQHandler
                0x080044c8                DMA1_Stream0_IRQHandler
                0x080044c8                EXTI4_IRQHandler
                0x080044c8                WWDG_IRQHandler
                0x080044c8                TIM2_IRQHandler
                0x080044c8                OTG_FS_WKUP_IRQHandler
                0x080044c8                TIM1_TRG_COM_TIM11_IRQHandler
                0x080044c8                EXTI1_IRQHandler
                0x080044c8                USART2_IRQHandler
                0x080044c8                I2C2_ER_IRQHandler
                0x080044c8                DMA2_Stream1_IRQHandler
                0x080044c8                FLASH_IRQHandler
                0x080044c8                DMA2_Stream4_IRQHandler
                0x080044c8                USART1_IRQHandler
                0x080044c8                OTG_FS_IRQHandler
                0x080044c8                SPI3_IRQHandler
                0x080044c8                DMA1_Stream4_IRQHandler
                0x080044c8                I2C1_ER_IRQHandler
                0x080044c8                DMA2_Stream6_IRQHandler
                0x080044c8                DMA1_Stream3_IRQHandler
 *fill*         0x080044ca        0x2 
 .text.HAL_Init
                0x080044cc       0x44 ./Drivers/STM32F4xx_HAL_Driver/Src/stm32f4xx_hal.o
                0x080044cc                HAL_Init
 .text.HAL_InitTick
                0x08004510       0x60 ./Drivers/STM32F4xx_HAL_Driver/Src/stm32f4xx_hal.o
                0x08004510                HAL_InitTick
 .text.HAL_IncTick
                0x08004570       0x28 ./Drivers/STM32F4xx_HAL_Driver/Src/stm32f4xx_hal.o
                0x08004570                HAL_IncTick
 .text.HAL_GetTick
                0x08004598       0x18 ./Drivers/STM32F4xx_HAL_Driver/Src/stm32f4xx_hal.o
                0x08004598                HAL_GetTick
 .text.HAL_Delay
                0x080045b0       0x48 ./Drivers/STM32F4xx_HAL_Driver/Src/stm32f4xx_hal.o
                0x080045b0                HAL_Delay
 .text.__NVIC_SetPriorityGrouping
                0x080045f8       0x48 ./Drivers/STM32F4xx_HAL_Driver/Src/stm32f4xx_hal_cortex.o
 .text.__NVIC_GetPriorityGrouping
                0x08004640       0x1c ./Drivers/STM32F4xx_HAL_Driver/Src/stm32f4xx_hal_cortex.o
 .text.__NVIC_EnableIRQ
                0x0800465c       0x3c ./Drivers/STM32F4xx_HAL_Driver/Src/stm32f4xx_hal_cortex.o
 .text.__NVIC_SetPriority
                0x08004698       0x54 ./Drivers/STM32F4xx_HAL_Driver/Src/stm32f4xx_hal_cortex.o
 .text.NVIC_EncodePriority
                0x080046ec       0x66 ./Drivers/STM32F4xx_HAL_Driver/Src/stm32f4xx_hal_cortex.o
 *fill*         0x08004752        0x2 
 .text.SysTick_Config
                0x08004754       0x44 ./Drivers/STM32F4xx_HAL_Driver/Src/stm32f4xx_hal_cortex.o
 .text.HAL_NVIC_SetPriorityGrouping
                0x08004798       0x16 ./Drivers/STM32F4xx_HAL_Driver/Src/stm32f4xx_hal_cortex.o
                0x08004798                HAL_NVIC_SetPriorityGrouping
 .text.HAL_NVIC_SetPriority
                0x080047ae       0x38 ./Drivers/STM32F4xx_HAL_Driver/Src/stm32f4xx_hal_cortex.o
                0x080047ae                HAL_NVIC_SetPriority
 .text.HAL_NVIC_EnableIRQ
                0x080047e6       0x1c ./Drivers/STM32F4xx_HAL_Driver/Src/stm32f4xx_hal_cortex.o
                0x080047e6                HAL_NVIC_EnableIRQ
 .text.HAL_SYSTICK_Config
                0x08004802       0x18 ./Drivers/STM32F4xx_HAL_Driver/Src/stm32f4xx_hal_cortex.o
                0x08004802                HAL_SYSTICK_Config
 *fill*         0x0800481a        0x2 
 .text.HAL_GPIO_Init
                0x0800481c      0x308 ./Drivers/STM32F4xx_HAL_Driver/Src/stm32f4xx_hal_gpio.o
                0x0800481c                HAL_GPIO_Init
 .text.HAL_GPIO_WritePin
                0x08004b24       0x32 ./Drivers/STM32F4xx_HAL_Driver/Src/stm32f4xx_hal_gpio.o
                0x08004b24                HAL_GPIO_WritePin
 *fill*         0x08004b56        0x2 
 .text.HAL_GPIO_EXTI_IRQHandler
                0x08004b58       0x30 ./Drivers/STM32F4xx_HAL_Driver/Src/stm32f4xx_hal_gpio.o
                0x08004b58                HAL_GPIO_EXTI_IRQHandler
 .text.HAL_I2C_Init
                0x08004b88      0x288 ./Drivers/STM32F4xx_HAL_Driver/Src/stm32f4xx_hal_i2c.o
                0x08004b88                HAL_I2C_Init
 .text.HAL_I2C_Master_Transmit
                0x08004e10      0x1fc ./Drivers/STM32F4xx_HAL_Driver/Src/stm32f4xx_hal_i2c.o
                0x08004e10                HAL_I2C_Master_Transmit
 .text.HAL_I2C_Master_Receive
                0x0800500c      0x464 ./Drivers/STM32F4xx_HAL_Driver/Src/stm32f4xx_hal_i2c.o
                0x0800500c                HAL_I2C_Master_Receive
 .text.HAL_I2C_IsDeviceReady
                0x08005470      0x25c ./Drivers/STM32F4xx_HAL_Driver/Src/stm32f4xx_hal_i2c.o
                0x08005470                HAL_I2C_IsDeviceReady
 .text.I2C_MasterRequestWrite
                0x080056cc      0x104 ./Drivers/STM32F4xx_HAL_Driver/Src/stm32f4xx_hal_i2c.o
 .text.I2C_MasterRequestRead
                0x080057d0      0x19c ./Drivers/STM32F4xx_HAL_Driver/Src/stm32f4xx_hal_i2c.o
 .text.I2C_WaitOnFlagUntilTimeout
                0x0800596c       0xf4 ./Drivers/STM32F4xx_HAL_Driver/Src/stm32f4xx_hal_i2c.o
 .text.I2C_WaitOnMasterAddressFlagUntilTimeout
                0x08005a60      0x140 ./Drivers/STM32F4xx_HAL_Driver/Src/stm32f4xx_hal_i2c.o
 .text.I2C_WaitOnTXEFlagUntilTimeout
                0x08005ba0       0x90 ./Drivers/STM32F4xx_HAL_Driver/Src/stm32f4xx_hal_i2c.o
 .text.I2C_WaitOnBTFFlagUntilTimeout
                0x08005c30       0x90 ./Drivers/STM32F4xx_HAL_Driver/Src/stm32f4xx_hal_i2c.o
 .text.I2C_WaitOnRXNEFlagUntilTimeout
                0x08005cc0       0xba ./Drivers/STM32F4xx_HAL_Driver/Src/stm32f4xx_hal_i2c.o
 .text.I2C_IsAcknowledgeFailed
                0x08005d7a       0x5e ./Drivers/STM32F4xx_HAL_Driver/Src/stm32f4xx_hal_i2c.o
 .text.HAL_RCC_OscConfig
                0x08005dd8      0x4f0 ./Drivers/STM32F4xx_HAL_Driver/Src/stm32f4xx_hal_rcc.o
                0x08005dd8                HAL_RCC_OscConfig
 .text.HAL_RCC_ClockConfig
                0x080062c8      0x1cc ./Drivers/STM32F4xx_HAL_Driver/Src/stm32f4xx_hal_rcc.o
                0x080062c8                HAL_RCC_ClockConfig
 .text.HAL_RCC_GetSysClockFreq
                0x08006494      0x188 ./Drivers/STM32F4xx_HAL_Driver/Src/stm32f4xx_hal_rcc.o
                0x08006494                HAL_RCC_GetSysClockFreq
 .text.HAL_RCC_GetHCLKFreq
                0x0800661c       0x18 ./Drivers/STM32F4xx_HAL_Driver/Src/stm32f4xx_hal_rcc.o
                0x0800661c                HAL_RCC_GetHCLKFreq
 .text.HAL_RCC_GetPCLK1Freq
                0x08006634       0x28 ./Drivers/STM32F4xx_HAL_Driver/Src/stm32f4xx_hal_rcc.o
                0x08006634                HAL_RCC_GetPCLK1Freq
 .text.HAL_SPI_Init
                0x0800665c      0x112 ./Drivers/STM32F4xx_HAL_Driver/Src/stm32f4xx_hal_spi.o
                0x0800665c                HAL_SPI_Init
 .text.HAL_SPI_Transmit
                0x0800676e      0x288 ./Drivers/STM32F4xx_HAL_Driver/Src/stm32f4xx_hal_spi.o
                0x0800676e                HAL_SPI_Transmit
 .text.HAL_SPI_Receive
                0x080069f6      0x232 ./Drivers/STM32F4xx_HAL_Driver/Src/stm32f4xx_hal_spi.o
                0x080069f6                HAL_SPI_Receive
 .text.HAL_SPI_TransmitReceive
                0x08006c28      0x352 ./Drivers/STM32F4xx_HAL_Driver/Src/stm32f4xx_hal_spi.o
                0x08006c28                HAL_SPI_TransmitReceive
 *fill*         0x08006f7a        0x2 
 .text.SPI_WaitFlagStateUntilTimeout
                0x08006f7c      0x110 ./Drivers/STM32F4xx_HAL_Driver/Src/stm32f4xx_hal_spi.o
 .text.SPI_EndRxTransaction
                0x0800708c       0xca ./Drivers/STM32F4xx_HAL_Driver/Src/stm32f4xx_hal_spi.o
 *fill*         0x08007156        0x2 
 .text.SPI_EndRxTxTransaction
                0x08007158       0xa8 ./Drivers/STM32F4xx_HAL_Driver/Src/stm32f4xx_hal_spi.o
 .text.std      0x08007200       0x6c /opt/st/stm32cubeide_2.1.0/plugins/com.st.stm32cube.ide.mcu.externaltools.gnu-tools-for-stm32.14.3.rel1.linux64_1.0.100.202602081740/tools/bin/../lib/gcc/arm-none-eabi/14.3.1/../../../../arm-none-eabi/lib/thumb/v7e-m+fp/hard/libc_nano.a(libc_a-findfp.o)
 .text.stdio_exit_handler
                0x0800726c       0x18 /opt/st/stm32cubeide_2.1.0/plugins/com.st.stm32cube.ide.mcu.externaltools.gnu-tools-for-stm32.14.3.rel1.linux64_1.0.100.202602081740/tools/bin/../lib/gcc/arm-none-eabi/14.3.1/../../../../arm-none-eabi/lib/thumb/v7e-m+fp/hard/libc_nano.a(libc_a-findfp.o)
 .text.cleanup_stdio
                0x08007284       0x40 /opt/st/stm32cubeide_2.1.0/plugins/com.st.stm32cube.ide.mcu.externaltools.gnu-tools-for-stm32.14.3.rel1.linux64_1.0.100.202602081740/tools/bin/../lib/gcc/arm-none-eabi/14.3.1/../../../../arm-none-eabi/lib/thumb/v7e-m+fp/hard/libc_nano.a(libc_a-findfp.o)
 .text.global_stdio_init.part.0
                0x080072c4       0x40 /opt/st/stm32cubeide_2.1.0/plugins/com.st.stm32cube.ide.mcu.externaltools.gnu-tools-for-stm32.14.3.rel1.linux64_1.0.100.202602081740/tools/bin/../lib/gcc/arm-none-eabi/14.3.1/../../../../arm-none-eabi/lib/thumb/v7e-m+fp/hard/libc_nano.a(libc_a-findfp.o)
 .text.__sfp_lock_acquire
                0x08007304        0xc /opt/st/stm32cubeide_2.1.0/plugins/com.st.stm32cube.ide.mcu.externaltools.gnu-tools-for-stm32.14.3.rel1.linux64_1.0.100.202602081740/tools/bin/../lib/gcc/arm-none-eabi/14.3.1/../../../../arm-none-eabi/lib/thumb/v7e-m+fp/hard/libc_nano.a(libc_a-findfp.o)
                0x08007304                __sfp_lock_acquire
 .text.__sfp_lock_release
                0x08007310        0xc /opt/st/stm32cubeide_2.1.0/plugins/com.st.stm32cube.ide.mcu.externaltools.gnu-tools-for-stm32.14.3.rel1.linux64_1.0.100.202602081740/tools/bin/../lib/gcc/arm-none-eabi/14.3.1/../../../../arm-none-eabi/lib/thumb/v7e-m+fp/hard/libc_nano.a(libc_a-findfp.o)
                0x08007310                __sfp_lock_release
 .text.__sinit  0x0800731c       0x30 /opt/st/stm32cubeide_2.1.0/plugins/com.st.stm32cube.ide.mcu.externaltools.gnu-tools-for-stm32.14.3.rel1.linux64_1.0.100.202602081740/tools/bin/../lib/gcc/arm-none-eabi/14.3.1/../../../../arm-none-eabi/lib/thumb/v7e-m+fp/hard/libc_nano.a(libc_a-findfp.o)
                0x0800731c                __sinit
 .text._fwalk_sglue
                0x0800734c       0x3c /opt/st/stm32cubeide_2.1.0/plugins/com.st.stm32cube.ide.mcu.externaltools.gnu-tools-for-stm32.14.3.rel1.linux64_1.0.100.202602081740/tools/bin/../lib/gcc/arm-none-eabi/14.3.1/../../../../arm-none-eabi/lib/thumb/v7e-m+fp/hard/libc_nano.a(libc_a-fwalk.o)
                0x0800734c                _fwalk_sglue
 .text.printf   0x08007388       0x24 /opt/st/stm32cubeide_2.1.0/plugins/com.st.stm32cube.ide.mcu.externaltools.gnu-tools-for-stm32.14.3.rel1.linux64_1.0.100.202602081740/tools/bin/../lib/gcc/arm-none-eabi/14.3.1/../../../../arm-none-eabi/lib/thumb/v7e-m+fp/hard/libc_nano.a(libc_a-printf.o)
                0x08007388                printf
                0x08007388                iprintf
 .text._puts_r  0x080073ac       0xaa /opt/st/stm32cubeide_2.1.0/plugins/com.st.stm32cube.ide.mcu.externaltools.gnu-tools-for-stm32.14.3.rel1.linux64_1.0.100.202602081740/tools/bin/../lib/gcc/arm-none-eabi/14.3.1/../../../../arm-none-eabi/lib/thumb/v7e-m+fp/hard/libc_nano.a(libc_a-puts.o)
                0x080073ac                _puts_r
 *fill*         0x08007456        0x2 
 .text.puts     0x08007458       0x10 /opt/st/stm32cubeide_2.1.0/plugins/com.st.stm32cube.ide.mcu.externaltools.gnu-tools-for-stm32.14.3.rel1.linux64_1.0.100.202602081740/tools/bin/../lib/gcc/arm-none-eabi/14.3.1/../../../../arm-none-eabi/lib/thumb/v7e-m+fp/hard/libc_nano.a(libc_a-puts.o)
                0x08007458                puts
 .text.__sread  0x08007468       0x22 /opt/st/stm32cubeide_2.1.0/plugins/com.st.stm32cube.ide.mcu.externaltools.gnu-tools-for-stm32.14.3.rel1.linux64_1.0.100.202602081740/tools/bin/../lib/gcc/arm-none-eabi/14.3.1/../../../../arm-none-eabi/lib/thumb/v7e-m+fp/hard/libc_nano.a(libc_a-stdio.o)
                0x08007468                __sread
 .text.__swrite
                0x0800748a       0x38 /opt/st/stm32cubeide_2.1.0/plugins/com.st.stm32cube.ide.mcu.externaltools.gnu-tools-for-stm32.14.3.rel1.linux64_1.0.100.202602081740/tools/bin/../lib/gcc/arm-none-eabi/14.3.1/../../../../arm-none-eabi/lib/thumb/v7e-m+fp/hard/libc_nano.a(libc_a-stdio.o)
                0x0800748a                __swrite
 .text.__sseek  0x080074c2       0x26 /opt/st/stm32cubeide_2.1.0/plugins/com.st.stm32cube.ide.mcu.externaltools.gnu-tools-for-stm32.14.3.rel1.linux64_1.0.100.202602081740/tools/bin/../lib/gcc/arm-none-eabi/14.3.1/../../../../arm-none-eabi/lib/thumb/v7e-m+fp/hard/libc_nano.a(libc_a-stdio.o)
                0x080074c2                __sseek
 .text.__sclose
                0x080074e8        0x8 /opt/st/stm32cubeide_2.1.0/plugins/com.st.stm32cube.ide.mcu.externaltools.gnu-tools-for-stm32.14.3.rel1.linux64_1.0.100.202602081740/tools/bin/../lib/gcc/arm-none-eabi/14.3.1/../../../../arm-none-eabi/lib/thumb/v7e-m+fp/hard/libc_nano.a(libc_a-stdio.o)
                0x080074e8                __sclose
 .text.__swbuf_r
                0x080074f0       0x7c /opt/st/stm32cubeide_2.1.0/plugins/com.st.stm32cube.ide.mcu.externaltools.gnu-tools-for-stm32.14.3.rel1.linux64_1.0.100.202602081740/tools/bin/../lib/gcc/arm-none-eabi/14.3.1/../../../../arm-none-eabi/lib/thumb/v7e-m+fp/hard/libc_nano.a(libc_a-wbuf.o)
                0x080074f0                __swbuf_r
 .text.__swsetup_r
                0x0800756c       0xa8 /opt/st/stm32cubeide_2.1.0/plugins/com.st.stm32cube.ide.mcu.externaltools.gnu-tools-for-stm32.14.3.rel1.linux64_1.0.100.202602081740/tools/bin/../lib/gcc/arm-none-eabi/14.3.1/../../../../arm-none-eabi/lib/thumb/v7e-m+fp/hard/libc_nano.a(libc_a-wsetup.o)
                0x0800756c                __swsetup_r
 .text.memset   0x08007614       0x10 /opt/st/stm32cubeide_2.1.0/plugins/com.st.stm32cube.ide.mcu.externaltools.gnu-tools-for-stm32.14.3.rel1.linux64_1.0.100.202602081740/tools/bin/../lib/gcc/arm-none-eabi/14.3.1/../../../../arm-none-eabi/lib/thumb/v7e-m+fp/hard/libc_nano.a(libc_a-memset.o)
                0x08007614                memset
 .text._close_r
                0x08007624       0x20 /opt/st/stm32cubeide_2.1.0/plugins/com.st.stm32cube.ide.mcu.externaltools.gnu-tools-for-stm32.14.3.rel1.linux64_1.0.100.202602081740/tools/bin/../lib/gcc/arm-none-eabi/14.3.1/../../../../arm-none-eabi/lib/thumb/v7e-m+fp/hard/libc_nano.a(libc_a-closer.o)
                0x08007624                _close_r
 .text._lseek_r
                0x08007644       0x24 /opt/st/stm32cubeide_2.1.0/plugins/com.st.stm32cube.ide.mcu.externaltools.gnu-tools-for-stm32.14.3.rel1.linux64_1.0.100.202602081740/tools/bin/../lib/gcc/arm-none-eabi/14.3.1/../../../../arm-none-eabi/lib/thumb/v7e-m+fp/hard/libc_nano.a(libc_a-lseekr.o)
                0x08007644                _lseek_r
 .text._read_r  0x08007668       0x24 /opt/st/stm32cubeide_2.1.0/plugins/com.st.stm32cube.ide.mcu.externaltools.gnu-tools-for-stm32.14.3.rel1.linux64_1.0.100.202602081740/tools/bin/../lib/gcc/arm-none-eabi/14.3.1/../../../../arm-none-eabi/lib/thumb/v7e-m+fp/hard/libc_nano.a(libc_a-readr.o)
                0x08007668                _read_r
 .text._write_r
                0x0800768c       0x24 /opt/st/stm32cubeide_2.1.0/plugins/com.st.stm32cube.ide.mcu.externaltools.gnu-tools-for-stm32.14.3.rel1.linux64_1.0.100.202602081740/tools/bin/../lib/gcc/arm-none-eabi/14.3.1/../../../../arm-none-eabi/lib/thumb/v7e-m+fp/hard/libc_nano.a(libc_a-writer.o)
                0x0800768c                _write_r
 .text.__errno  0x080076b0        0xc /opt/st/stm32cubeide_2.1.0/plugins/com.st.stm32cube.ide.mcu.externaltools.gnu-tools-for-stm32.14.3.rel1.linux64_1.0.100.202602081740/tools/bin/../lib/gcc/arm-none-eabi/14.3.1/../../../../arm-none-eabi/lib/thumb/v7e-m+fp/hard/libc_nano.a(libc_a-errno.o)
                0x080076b0                __errno
 .text.__libc_init_array
                0x080076bc       0x48 /opt/st/stm32cubeide_2.1.0/plugins/com.st.stm32cube.ide.mcu.externaltools.gnu-tools-for-stm32.14.3.rel1.linux64_1.0.100.202602081740/tools/bin/../lib/gcc/arm-none-eabi/14.3.1/../../../../arm-none-eabi/lib/thumb/v7e-m+fp/hard/libc_nano.a(libc_a-init.o)
                0x080076bc                __libc_init_array
 .text.__retarget_lock_init_recursive
                0x08007704        0x2 /opt/st/stm32cubeide_2.1.0/plugins/com.st.stm32cube.ide.mcu.externaltools.gnu-tools-for-stm32.14.3.rel1.linux64_1.0.100.202602081740/tools/bin/../lib/gcc/arm-none-eabi/14.3.1/../../../../arm-none-eabi/lib/thumb/v7e-m+fp/hard/libc_nano.a(libc_a-lock.o)
                0x08007704                __retarget_lock_init_recursive
 .text.__retarget_lock_acquire_recursive
                0x08007706        0x2 /opt/st/stm32cubeide_2.1.0/plugins/com.st.stm32cube.ide.mcu.externaltools.gnu-tools-for-stm32.14.3.rel1.linux64_1.0.100.202602081740/tools/bin/../lib/gcc/arm-none-eabi/14.3.1/../../../../arm-none-eabi/lib/thumb/v7e-m+fp/hard/libc_nano.a(libc_a-lock.o)
                0x08007706                __retarget_lock_acquire_recursive
 .text.__retarget_lock_release_recursive
                0x08007708        0x2 /opt/st/stm32cubeide_2.1.0/plugins/com.st.stm32cube.ide.mcu.externaltools.gnu-tools-for-stm32.14.3.rel1.linux64_1.0.100.202602081740/tools/bin/../lib/gcc/arm-none-eabi/14.3.1/../../../../arm-none-eabi/lib/thumb/v7e-m+fp/hard/libc_nano.a(libc_a-lock.o)
                0x08007708                __retarget_lock_release_recursive
 .text.memcpy   0x0800770a       0x1c /opt/st/stm32cubeide_2.1.0/plugins/com.st.stm32cube.ide.mcu.externaltools.gnu-tools-for-stm32.14.3.rel1.linux64_1.0.100.202602081740/tools/bin/../lib/gcc/arm-none-eabi/14.3.1/../../../../arm-none-eabi/lib/thumb/v7e-m+fp/hard/libc_nano.a(libc_a-memcpy-stub.o)
                0x0800770a                memcpy
 *fill*         0x08007726        0x2 
 .text._free_r  0x08007728       0x94 /opt/st/stm32cubeide_2.1.0/plugins/com.st.stm32cube.ide.mcu.externaltools.gnu-tools-for-stm32.14.3.rel1.linux64_1.0.100.202602081740/tools/bin/../lib/gcc/arm-none-eabi/14.3.1/../../../../arm-none-eabi/lib/thumb/v7e-m+fp/hard/libc_nano.a(libc_a-freer.o)
                0x08007728                _free_r
 .text.sbrk_aligned
                0x080077bc       0x44 /opt/st/stm32cubeide_2.1.0/plugins/com.st.stm32cube.ide.mcu.externaltools.gnu-tools-for-stm32.14.3.rel1.linux64_1.0.100.202602081740/tools/bin/../lib/gcc/arm-none-eabi/14.3.1/../../../../arm-none-eabi/lib/thumb/v7e-m+fp/hard/libc_nano.a(libc_a-mallocr.o)
 .text._malloc_r
                0x08007800      0x100 /opt/st/stm32cubeide_2.1.0/plugins/com.st.stm32cube.ide.mcu.externaltools.gnu-tools-for-stm32.14.3.rel1.linux64_1.0.100.202602081740/tools/bin/../lib/gcc/arm-none-eabi/14.3.1/../../../../arm-none-eabi/lib/thumb/v7e-m+fp/hard/libc_nano.a(libc_a-mallocr.o)
                0x08007800                _malloc_r
 .text.__malloc_lock
                0x08007900        0xc /opt/st/stm32cubeide_2.1.0/plugins/com.st.stm32cube.ide.mcu.externaltools.gnu-tools-for-stm32.14.3.rel1.linux64_1.0.100.202602081740/tools/bin/../lib/gcc/arm-none-eabi/14.3.1/../../../../arm-none-eabi/lib/thumb/v7e-m+fp/hard/libc_nano.a(libc_a-mlock.o)
                0x08007900                __malloc_lock
 .text.__malloc_unlock
                0x0800790c        0xc /opt/st/stm32cubeide_2.1.0/plugins/com.st.stm32cube.ide.mcu.externaltools.gnu-tools-for-stm32.14.3.rel1.linux64_1.0.100.202602081740/tools/bin/../lib/gcc/arm-none-eabi/14.3.1/../../../../arm-none-eabi/lib/thumb/v7e-m+fp/hard/libc_nano.a(libc_a-mlock.o)
                0x0800790c                __malloc_unlock
 .text.__sfputc_r
                0x08007918       0x2e /opt/st/stm32cubeide_2.1.0/plugins/com.st.stm32cube.ide.mcu.externaltools.gnu-tools-for-stm32.14.3.rel1.linux64_1.0.100.202602081740/tools/bin/../lib/gcc/arm-none-eabi/14.3.1/../../../../arm-none-eabi/lib/thumb/v7e-m+fp/hard/libc_nano.a(libc_a-nano-vfprintf.o)
 .text.__sfputs_r
                0x08007946       0x24 /opt/st/stm32cubeide_2.1.0/plugins/com.st.stm32cube.ide.mcu.externaltools.gnu-tools-for-stm32.14.3.rel1.linux64_1.0.100.202602081740/tools/bin/../lib/gcc/arm-none-eabi/14.3.1/../../../../arm-none-eabi/lib/thumb/v7e-m+fp/hard/libc_nano.a(libc_a-nano-vfprintf.o)
                0x08007946                __sfputs_r
 *fill*         0x0800796a        0x2 
 .text._vfprintf_r
                0x0800796c      0x228 /opt/st/stm32cubeide_2.1.0/plugins/com.st.stm32cube.ide.mcu.externaltools.gnu-tools-for-stm32.14.3.rel1.linux64_1.0.100.202602081740/tools/bin/../lib/gcc/arm-none-eabi/14.3.1/../../../../arm-none-eabi/lib/thumb/v7e-m+fp/hard/libc_nano.a(libc_a-nano-vfprintf.o)
                0x0800796c                _vfiprintf_r
                0x0800796c                _vfprintf_r
 .text._printf_common
                0x08007b94       0xda /opt/st/stm32cubeide_2.1.0/plugins/com.st.stm32cube.ide.mcu.externaltools.gnu-tools-for-stm32.14.3.rel1.linux64_1.0.100.202602081740/tools/bin/../lib/gcc/arm-none-eabi/14.3.1/../../../../arm-none-eabi/lib/thumb/v7e-m+fp/hard/libc_nano.a(libc_a-nano-vfprintf_i.o)
                0x08007b94                _printf_common
 *fill*         0x08007c6e        0x2 
 .text._printf_i
                0x08007c70      0x24c /opt/st/stm32cubeide_2.1.0/plugins/com.st.stm32cube.ide.mcu.externaltools.gnu-tools-for-stm32.14.3.rel1.linux64_1.0.100.202602081740/tools/bin/../lib/gcc/arm-none-eabi/14.3.1/../../../../arm-none-eabi/lib/thumb/v7e-m+fp/hard/libc_nano.a(libc_a-nano-vfprintf_i.o)
                0x08007c70                _printf_i
 .text.__sflush_r
                0x08007ebc      0x104 /opt/st/stm32cubeide_2.1.0/plugins/com.st.stm32cube.ide.mcu.externaltools.gnu-tools-for-stm32.14.3.rel1.linux64_1.0.100.202602081740/tools/bin/../lib/gcc/arm-none-eabi/14.3.1/../../../../arm-none-eabi/lib/thumb/v7e-m+fp/hard/libc_nano.a(libc_a-fflush.o)
                0x08007ebc                __sflush_r
 .text._fflush_r
                0x08007fc0       0x50 /opt/st/stm32cubeide_2.1.0/plugins/com.st.stm32cube.ide.mcu.externaltools.gnu-tools-for-stm32.14.3.rel1.linux64_1.0.100.202602081740/tools/bin/../lib/gcc/arm-none-eabi/14.3.1/../../../../arm-none-eabi/lib/thumb/v7e-m+fp/hard/libc_nano.a(libc_a-fflush.o)
                0x08007fc0                _fflush_r
 .text.__swhatbuf_r
                0x08008010       0x48 /opt/st/stm32cubeide_2.1.0/plugins/com.st.stm32cube.ide.mcu.externaltools.gnu-tools-for-stm32.14.3.rel1.linux64_1.0.100.202602081740/tools/bin/../lib/gcc/arm-none-eabi/14.3.1/../../../../arm-none-eabi/lib/thumb/v7e-m+fp/hard/libc_nano.a(libc_a-makebuf.o)
                0x08008010                __swhatbuf_r
 .text.__smakebuf_r
                0x08008058       0x72 /opt/st/stm32cubeide_2.1.0/plugins/com.st.stm32cube.ide.mcu.externaltools.gnu-tools-for-stm32.14.3.rel1.linux64_1.0.100.202602081740/tools/bin/../lib/gcc/arm-none-eabi/14.3.1/../../../../arm-none-eabi/lib/thumb/v7e-m+fp/hard/libc_nano.a(libc_a-makebuf.o)
                0x08008058                __smakebuf_r
 *fill*         0x080080ca        0x2 
 .text._fstat_r
                0x080080cc       0x24 /opt/st/stm32cubeide_2.1.0/plugins/com.st.stm32cube.ide.mcu.externaltools.gnu-tools-for-stm32.14.3.rel1.linux64_1.0.100.202602081740/tools/bin/../lib/gcc/arm-none-eabi/14.3.1/../../../../arm-none-eabi/lib/thumb/v7e-m+fp/hard/libc_nano.a(libc_a-fstatr.o)
                0x080080cc                _fstat_r
 .text._isatty_r
                0x080080f0       0x20 /opt/st/stm32cubeide_2.1.0/plugins/com.st.stm32cube.ide.mcu.externaltools.gnu-tools-for-stm32.14.3.rel1.linux64_1.0.100.202602081740/tools/bin/../lib/gcc/arm-none-eabi/14.3.1/../../../../arm-none-eabi/lib/thumb/v7e-m+fp/hard/libc_nano.a(libc_a-isattyr.o)
                0x080080f0                _isatty_r
 .text._sbrk_r  0x08008110       0x20 /opt/st/stm32cubeide_2.1.0/plugins/com.st.stm32cube.ide.mcu.externaltools.gnu-tools-for-stm32.14.3.rel1.linux64_1.0.100.202602081740/tools/bin/../lib/gcc/arm-none-eabi/14.3.1/../../../../arm-none-eabi/lib/thumb/v7e-m+fp/hard/libc_nano.a(libc_a-sbrkr.o)
                0x08008110                _sbrk_r
 *(.glue_7)
 .glue_7        0x08008130        0x0 linker stubs
 *(.glue_7t)
 .glue_7t       0x08008130        0x0 linker stubs
 *(.eh_frame)
 .eh_frame      0x08008130        0x0 /opt/st/stm32cubeide_2.1.0/plugins/com.st.stm32cube.ide.mcu.externaltools.gnu-tools-for-stm32.14.3.rel1.linux64_1.0.100.202602081740/tools/bin/../lib/gcc/arm-none-eabi/14.3.1/thumb/v7e-m+fp/hard/crtbegin.o
 *(.init)
 .init          0x08008130        0x4 /opt/st/stm32cubeide_2.1.0/plugins/com.st.stm32cube.ide.mcu.externaltools.gnu-tools-for-stm32.14.3.rel1.linux64_1.0.100.202602081740/tools/bin/../lib/gcc/arm-none-eabi/14.3.1/thumb/v7e-m+fp/hard/crti.o
                0x08008130                _init
 .init          0x08008134        0x8 /opt/st/stm32cubeide_2.1.0/plugins/com.st.stm32cube.ide.mcu.externaltools.gnu-tools-for-stm32.14.3.rel1.linux64_1.0.100.202602081740/tools/bin/../lib/gcc/arm-none-eabi/14.3.1/thumb/v7e-m+fp/hard/crtn.o
 *(.fini)
 .fini          0x0800813c        0x4 /opt/st/stm32cubeide_2.1.0/plugins/com.st.stm32cube.ide.mcu.externaltools.gnu-tools-for-stm32.14.3.rel1.linux64_1.0.100.202602081740/tools/bin/../lib/gcc/arm-none-eabi/14.3.1/thumb/v7e-m+fp/hard/crti.o
                0x0800813c                _fini
 .fini          0x08008140        0x8 /opt/st/stm32cubeide_2.1.0/plugins/com.st.stm32cube.ide.mcu.externaltools.gnu-tools-for-stm32.14.3.rel1.linux64_1.0.100.202602081740/tools/bin/../lib/gcc/arm-none-eabi/14.3.1/thumb/v7e-m+fp/hard/crtn.o
                0x08008148                        . = ALIGN (0x4)
                0x08008148                        _etext = .

.vfp11_veneer   0x08008148        0x0
 .vfp11_veneer  0x08008148        0x0 linker stubs

.v4_bx          0x08008148        0x0
 .v4_bx         0x08008148        0x0 linker stubs

.iplt           0x08008148        0x0
 .iplt          0x08008148        0x0 /opt/st/stm32cubeide_2.1.0/plugins/com.st.stm32cube.ide.mcu.externaltools.gnu-tools-for-stm32.14.3.rel1.linux64_1.0.100.202602081740/tools/bin/../lib/gcc/arm-none-eabi/14.3.1/thumb/v7e-m+fp/hard/crtbegin.o

.rodata         0x08008148      0x190
                0x08008148                        . = ALIGN (0x4)
 *(.rodata)
 .rodata        0x08008148       0xd2 ./Core/Src/main.o
 *(.rodata*)
 *fill*         0x0800821a        0x2 
 .rodata.sh2ReportLens
                0x0800821c       0x60 ./Core/Src/sh2.o
 .rodata.setSensorConfigOp
                0x0800827c       0x10 ./Core/Src/sh2.o
                0x0800827c                setSensorConfigOp
 .rodata.AHBPrescTable
                0x0800828c       0x10 ./Core/Src/system_stm32f4xx.o
                0x0800828c                AHBPrescTable
 .rodata.APBPrescTable
                0x0800829c        0x8 ./Core/Src/system_stm32f4xx.o
                0x0800829c                APBPrescTable
 .rodata._vfprintf_r.str1.1
                0x080082a4       0x33 /opt/st/stm32cubeide_2.1.0/plugins/com.st.stm32cube.ide.mcu.externaltools.gnu-tools-for-stm32.14.3.rel1.linux64_1.0.100.202602081740/tools/bin/../lib/gcc/arm-none-eabi/14.3.1/../../../../arm-none-eabi/lib/thumb/v7e-m+fp/hard/libc_nano.a(libc_a-nano-vfprintf.o)
                                 0x11 (size before relaxing)
 .rodata._printf_i.str1.1
                0x080082d7       0x22 /opt/st/stm32cubeide_2.1.0/plugins/com.st.stm32cube.ide.mcu.externaltools.gnu-tools-for-stm32.14.3.rel1.linux64_1.0.100.202602081740/tools/bin/../lib/gcc/arm-none-eabi/14.3.1/../../../../arm-none-eabi/lib/thumb/v7e-m+fp/hard/libc_nano.a(libc_a-nano-vfprintf_i.o)
                0x080082fc                        . = ALIGN (0x4)
 *fill*         0x080082d7        0x1 

.ARM.extab      0x080082d8        0x0
                0x080082d8                        . = ALIGN (0x4)
 *(.ARM.extab* .gnu.linkonce.armextab.*)
                0x080082d8                        . = ALIGN (0x4)

.ARM            0x080082d8        0x8
                0x080082d8                        . = ALIGN (0x4)
                0x080082d8                        __exidx_start = .
 *(.ARM.exidx*)
 .ARM.exidx     0x080082d8        0x8 /opt/st/stm32cubeide_2.1.0/plugins/com.st.stm32cube.ide.mcu.externaltools.gnu-tools-for-stm32.14.3.rel1.linux64_1.0.100.202602081740/tools/bin/../lib/gcc/arm-none-eabi/14.3.1/../../../../arm-none-eabi/lib/thumb/v7e-m+fp/hard/libc_nano.a(libc_a-memchr.o)
 .ARM.exidx     0x080082e0        0x0 /opt/st/stm32cubeide_2.1.0/plugins/com.st.stm32cube.ide.mcu.externaltools.gnu-tools-for-stm32.14.3.rel1.linux64_1.0.100.202602081740/tools/bin/../lib/gcc/arm-none-eabi/14.3.1/thumb/v7e-m+fp/hard/libgcc.a(_udivmoddi4.o)
                                  0x8 (size before relaxing)
                0x080082e0                        __exidx_end = .
                0x080082e0                        . = ALIGN (0x4)

.preinit_array  0x080082e0        0x0
                0x080082e0                        . = ALIGN (0x4)
                0x080082e0                        PROVIDE (__preinit_array_start = .)
 *(.preinit_array*)
                0x080082e0                        PROVIDE (__preinit_array_end = .)
                0x080082e0                        . = ALIGN (0x4)

.init_array     0x080082e0        0x4
                0x080082e0                        . = ALIGN (0x4)
                0x080082e0                        PROVIDE (__init_array_start = .)
 *(SORT_BY_NAME(.init_array.*))
 *(.init_array*)
 .init_array    0x080082e0        0x4 /opt/st/stm32cubeide_2.1.0/plugins/com.st.stm32cube.ide.mcu.externaltools.gnu-tools-for-stm32.14.3.rel1.linux64_1.0.100.202602081740/tools/bin/../lib/gcc/arm-none-eabi/14.3.1/thumb/v7e-m+fp/hard/crtbegin.o
                0x080082e4                        PROVIDE (__init_array_end = .)
                0x080082e4                        . = ALIGN (0x4)

.fini_array     0x080082e4        0x4
                0x080082e4                        . = ALIGN (0x4)
                [!provide]                        PROVIDE (__fini_array_start = .)
 *(SORT_BY_NAME(.fini_array.*))
 *(.fini_array*)
 .fini_array    0x080082e4        0x4 /opt/st/stm32cubeide_2.1.0/plugins/com.st.stm32cube.ide.mcu.externaltools.gnu-tools-for-stm32.14.3.rel1.linux64_1.0.100.202602081740/tools/bin/../lib/gcc/arm-none-eabi/14.3.1/thumb/v7e-m+fp/hard/crtbegin.o
                [!provide]                        PROVIDE (__fini_array_end = .)
                0x080082e8                        . = ALIGN (0x4)
                0x080082e8                        _sidata = LOADADDR (.data)

.rel.dyn        0x080082e8        0x0
 .rel.iplt      0x080082e8        0x0 /opt/st/stm32cubeide_2.1.0/plugins/com.st.stm32cube.ide.mcu.externaltools.gnu-tools-for-stm32.14.3.rel1.linux64_1.0.100.202602081740/tools/bin/../lib/gcc/arm-none-eabi/14.3.1/thumb/v7e-m+fp/hard/crtbegin.o

.data           0x20000000       0x80 load address 0x080082e8
                0x20000000                        . = ALIGN (0x4)
                0x20000000                        _sdata = .
 *(.data)
 *(.data*)
 .data.g_sh2_open_rc
                0x20000000        0x4 ./Core/Src/main.o
                0x20000000                g_sh2_open_rc
 .data.g_sh2_hal
                0x20000004       0x14 ./Core/Src/main.o
                0x20000004                g_sh2_hal
 .data.SystemCoreClock
                0x20000018        0x4 ./Core/Src/system_stm32f4xx.o
                0x20000018                SystemCoreClock
 .data.uwTickPrio
                0x2000001c        0x4 ./Drivers/STM32F4xx_HAL_Driver/Src/stm32f4xx_hal.o
                0x2000001c                uwTickPrio
 .data.uwTickFreq
                0x20000020        0x1 ./Drivers/STM32F4xx_HAL_Driver/Src/stm32f4xx_hal.o
                0x20000020                uwTickFreq
 *fill*         0x20000021        0x3 
 .data.__sglue  0x20000024        0xc /opt/st/stm32cubeide_2.1.0/plugins/com.st.stm32cube.ide.mcu.externaltools.gnu-tools-for-stm32.14.3.rel1.linux64_1.0.100.202602081740/tools/bin/../lib/gcc/arm-none-eabi/14.3.1/../../../../arm-none-eabi/lib/thumb/v7e-m+fp/hard/libc_nano.a(libc_a-findfp.o)
                0x20000024                __sglue
 .data._impure_ptr
                0x20000030        0x4 /opt/st/stm32cubeide_2.1.0/plugins/com.st.stm32cube.ide.mcu.externaltools.gnu-tools-for-stm32.14.3.rel1.linux64_1.0.100.202602081740/tools/bin/../lib/gcc/arm-none-eabi/14.3.1/../../../../arm-none-eabi/lib/thumb/v7e-m+fp/hard/libc_nano.a(libc_a-impure.o)
                0x20000030                _impure_ptr
 .data._impure_data
                0x20000034       0x4c /opt/st/stm32cubeide_2.1.0/plugins/com.st.stm32cube.ide.mcu.externaltools.gnu-tools-for-stm32.14.3.rel1.linux64_1.0.100.202602081740/tools/bin/../lib/gcc/arm-none-eabi/14.3.1/../../../../arm-none-eabi/lib/thumb/v7e-m+fp/hard/libc_nano.a(libc_a-impure.o)
                0x20000034                _impure_data
 *(.RamFunc)
 *(.RamFunc*)
                0x20000080                        . = ALIGN (0x4)
                0x20000080                        _edata = .

.igot.plt       0x20000080        0x0 load address 0x08008368
 .igot.plt      0x20000080        0x0 /opt/st/stm32cubeide_2.1.0/plugins/com.st.stm32cube.ide.mcu.externaltools.gnu-tools-for-stm32.14.3.rel1.linux64_1.0.100.202602081740/tools/bin/../lib/gcc/arm-none-eabi/14.3.1/thumb/v7e-m+fp/hard/crtbegin.o
                0x20000080                        . = ALIGN (0x4)

.bss            0x20000080      0xd50 load address 0x08008368
                0x20000080                        _sbss = .
                0x20000080                        __bss_start__ = _sbss
 *(.bss)
 .bss           0x20000080       0x1c /opt/st/stm32cubeide_2.1.0/plugins/com.st.stm32cube.ide.mcu.externaltools.gnu-tools-for-stm32.14.3.rel1.linux64_1.0.100.202602081740/tools/bin/../lib/gcc/arm-none-eabi/14.3.1/thumb/v7e-m+fp/hard/crtbegin.o
 *(.bss*)
 .bss.hi2c1     0x2000009c       0x54 ./Core/Src/main.o
                0x2000009c                hi2c1
 .bss.hspi1     0x200000f0       0x58 ./Core/Src/main.o
                0x200000f0                hspi1
 .bss.init_bme  0x20000148        0x1 ./Core/Src/main.o
                0x20000148                init_bme
 *fill*         0x20000149        0x3 
 .bss.temperature
                0x2000014c        0x4 ./Core/Src/main.o
                0x2000014c                temperature
 .bss.pressure  0x20000150        0x4 ./Core/Src/main.o
                0x20000150                pressure
 .bss.humidity  0x20000154        0x4 ./Core/Src/main.o
                0x20000154                humidity
 .bss.altitude  0x20000158        0x4 ./Core/Src/main.o
                0x20000158                altitude
 .bss.sx1278_detected
                0x2000015c        0x1 ./Core/Src/main.o
                0x2000015c                sx1278_detected
 .bss.sx1278_version
                0x2000015d        0x1 ./Core/Src/main.o
                0x2000015d                sx1278_version
 *fill*         0x2000015e        0x2 
 .bss.tx_count  0x20000160        0x4 ./Core/Src/main.o
                0x20000160                tx_count
 .bss.reg_frfmsb
                0x20000164        0x1 ./Core/Src/main.o
                0x20000164                reg_frfmsb
 .bss.reg_frfmid
                0x20000165        0x1 ./Core/Src/main.o
                0x20000165                reg_frfmid
 .bss.reg_frflsb
                0x20000166        0x1 ./Core/Src/main.o
                0x20000166                reg_frflsb
 .bss.init_bno  0x20000167        0x1 ./Core/Src/main.o
                0x20000167                init_bno
 .bss.accel_x   0x20000168        0x4 ./Core/Src/main.o
                0x20000168                accel_x
 .bss.accel_y   0x2000016c        0x4 ./Core/Src/main.o
                0x2000016c                accel_y
 .bss.accel_z   0x20000170        0x4 ./Core/Src/main.o
                0x20000170                accel_z
 .bss.gyro_x    0x20000174        0x4 ./Core/Src/main.o
                0x20000174                gyro_x
 .bss.gyro_y    0x20000178        0x4 ./Core/Src/main.o
                0x20000178                gyro_y
 .bss.gyro_z    0x2000017c        0x4 ./Core/Src/main.o
                0x2000017c                gyro_z
 .bss.bno_int_flag
                0x20000180        0x1 ./Core/Src/main.o
 *fill*         0x20000181        0x3 
 .bss.bno_int_time_us
                0x20000184        0x4 ./Core/Src/main.o
 .bss.g_bno_last_len
                0x20000188        0x2 ./Core/Src/main.o
                0x20000188                g_bno_last_len
 .bss.g_bno_hdr0
                0x2000018a        0x1 ./Core/Src/main.o
                0x2000018a                g_bno_hdr0
 .bss.g_bno_hdr1
                0x2000018b        0x1 ./Core/Src/main.o
                0x2000018b                g_bno_hdr1
 .bss.g_bno_chan
                0x2000018c        0x1 ./Core/Src/main.o
                0x2000018c                g_bno_chan
 .bss.g_bno_seq
                0x2000018d        0x1 ./Core/Src/main.o
                0x2000018d                g_bno_seq
 *fill*         0x2000018e        0x2 
 .bss.g_bno_reads
                0x20000190        0x4 ./Core/Src/main.o
                0x20000190                g_bno_reads
 .bss.g_bno_read_err
                0x20000194        0x4 ./Core/Src/main.o
                0x20000194                g_bno_read_err
 .bss.g_bno_int_seen
                0x20000198        0x1 ./Core/Src/main.o
                0x20000198                g_bno_int_seen
 *fill*         0x20000199        0x3 
 .bss.bme       0x2000019c       0x28 ./Core/Src/main.o
 .bss._sh2      0x200001c4      0x178 ./Core/Src/sh2.o
                0x200001c4                _sh2
 .bss.sh2AsyncEvent
                0x2000033c       0x1c ./Core/Src/sh2.o
 .bss.lastHostInt.1
                0x20000358        0x4 ./Core/Src/sh2.o
 .bss.rollovers.0
                0x2000035c        0x4 ./Core/Src/sh2.o
 .bss.instances
                0x20000360      0x914 ./Core/Src/shtp.o
 .bss.shtp_initialized
                0x20000c74        0x1 ./Core/Src/shtp.o
 .bss.sx1278_tx_done
                0x20000c75        0x1 ./Core/Src/sx1278.o
                0x20000c75                sx1278_tx_done
 *fill*         0x20000c76        0x2 
 .bss.__sbrk_heap_end
                0x20000c78        0x4 ./Core/Src/sysmem.o
 .bss.pkt       0x20000c7c        0x1 ./Core/Src/telemetry.o
 *fill*         0x20000c7d        0x3 
 .bss.uwTick    0x20000c80        0x4 ./Drivers/STM32F4xx_HAL_Driver/Src/stm32f4xx_hal.o
                0x20000c80                uwTick
 .bss.__sf      0x20000c84      0x138 /opt/st/stm32cubeide_2.1.0/plugins/com.st.stm32cube.ide.mcu.externaltools.gnu-tools-for-stm32.14.3.rel1.linux64_1.0.100.202602081740/tools/bin/../lib/gcc/arm-none-eabi/14.3.1/../../../../arm-none-eabi/lib/thumb/v7e-m+fp/hard/libc_nano.a(libc_a-findfp.o)
                0x20000c84                __sf
 .bss.__stdio_exit_handler
                0x20000dbc        0x4 /opt/st/stm32cubeide_2.1.0/plugins/com.st.stm32cube.ide.mcu.externaltools.gnu-tools-for-stm32.14.3.rel1.linux64_1.0.100.202602081740/tools/bin/../lib/gcc/arm-none-eabi/14.3.1/../../../../arm-none-eabi/lib/thumb/v7e-m+fp/hard/libc_nano.a(libc_a-findfp.o)
                0x20000dbc                __stdio_exit_handler
 .bss.errno     0x20000dc0        0x4 /opt/st/stm32cubeide_2.1.0/plugins/com.st.stm32cube.ide.mcu.externaltools.gnu-tools-for-stm32.14.3.rel1.linux64_1.0.100.202602081740/tools/bin/../lib/gcc/arm-none-eabi/14.3.1/../../../../arm-none-eabi/lib/thumb/v7e-m+fp/hard/libc_nano.a(libc_a-reent.o)
                0x20000dc0                errno
 .bss.__lock___malloc_recursive_mutex
                0x20000dc4        0x1 /opt/st/stm32cubeide_2.1.0/plugins/com.st.stm32cube.ide.mcu.externaltools.gnu-tools-for-stm32.14.3.rel1.linux64_1.0.100.202602081740/tools/bin/../lib/gcc/arm-none-eabi/14.3.1/../../../../arm-none-eabi/lib/thumb/v7e-m+fp/hard/libc_nano.a(libc_a-lock.o)
                0x20000dc4                __lock___malloc_recursive_mutex
 .bss.__lock___sfp_recursive_mutex
                0x20000dc5        0x1 /opt/st/stm32cubeide_2.1.0/plugins/com.st.stm32cube.ide.mcu.externaltools.gnu-tools-for-stm32.14.3.rel1.linux64_1.0.100.202602081740/tools/bin/../lib/gcc/arm-none-eabi/14.3.1/../../../../arm-none-eabi/lib/thumb/v7e-m+fp/hard/libc_nano.a(libc_a-lock.o)
                0x20000dc5                __lock___sfp_recursive_mutex
 *fill*         0x20000dc6        0x2 
 .bss.__malloc_sbrk_start
                0x20000dc8        0x4 /opt/st/stm32cubeide_2.1.0/plugins/com.st.stm32cube.ide.mcu.externaltools.gnu-tools-for-stm32.14.3.rel1.linux64_1.0.100.202602081740/tools/bin/../lib/gcc/arm-none-eabi/14.3.1/../../../../arm-none-eabi/lib/thumb/v7e-m+fp/hard/libc_nano.a(libc_a-mallocr.o)
                0x20000dc8                __malloc_sbrk_start
 .bss.__malloc_free_list
                0x20000dcc        0x4 /opt/st/stm32cubeide_2.1.0/plugins/com.st.stm32cube.ide.mcu.externaltools.gnu-tools-for-stm32.14.3.rel1.linux64_1.0.100.202602081740/tools/bin/../lib/gcc/arm-none-eabi/14.3.1/../../../../arm-none-eabi/lib/thumb/v7e-m+fp/hard/libc_nano.a(libc_a-mallocr.o)
                0x20000dcc                __malloc_free_list
 *(COMMON)
                0x20000dd0                        . = ALIGN (0x4)
                0x20000dd0                        _ebss = .
                0x20000dd0                        __bss_end__ = _ebss

._user_heap_stack
                0x20000dd0      0x600 load address 0x08008368
                0x20000dd0                        . = ALIGN (0x8)
                [!provide]                        PROVIDE (end = .)
                0x20000dd0                        PROVIDE (_end = .)
                0x20000fd0                        . = (. + _Min_Heap_Size)
 *fill*         0x20000dd0      0x200 
                0x200013d0                        . = (. + _Min_Stack_Size)
 *fill*         0x20000fd0      0x400 
                0x200013d0                        . = ALIGN (0x8)

/DISCARD/
 libc.a(*)
 libm.a(*)
 libgcc.a(*)

.ARM.attributes
                0x00000000       0x30
 *(.ARM.attributes)
 .ARM.attributes
                0x00000000       0x22 /opt/st/stm32cubeide_2.1.0/plugins/com.st.stm32cube.ide.mcu.externaltools.gnu-tools-for-stm32.14.3.rel1.linux64_1.0.100.202602081740/tools/bin/../lib/gcc/arm-none-eabi/14.3.1/thumb/v7e-m+fp/hard/crti.o
 .ARM.attributes
                0x00000022       0x34 /opt/st/stm32cubeide_2.1.0/plugins/com.st.stm32cube.ide.mcu.externaltools.gnu-tools-for-stm32.14.3.rel1.linux64_1.0.100.202602081740/tools/bin/../lib/gcc/arm-none-eabi/14.3.1/thumb/v7e-m+fp/hard/crtbegin.o
 .ARM.attributes
                0x00000056       0x34 ./Core/Src/main.o
 .ARM.attributes
                0x0000008a       0x34 ./Core/Src/sh2.o
 .ARM.attributes
                0x000000be       0x34 ./Core/Src/sh2_SensorValue.o
 .ARM.attributes
                0x000000f2       0x34 ./Core/Src/sh2_util.o
 .ARM.attributes
                0x00000126       0x34 ./Core/Src/shtp.o
 .ARM.attributes
                0x0000015a       0x34 ./Core/Src/stm32f4xx_hal_msp.o
 .ARM.attributes
                0x0000018e       0x34 ./Core/Src/stm32f4xx_it.o
 .ARM.attributes
                0x000001c2       0x34 ./Core/Src/sx1278.o
 .ARM.attributes
                0x000001f6       0x34 ./Core/Src/syscalls.o
 .ARM.attributes
                0x0000022a       0x34 ./Core/Src/sysmem.o
 .ARM.attributes
                0x0000025e       0x34 ./Core/Src/system_stm32f4xx.o
 .ARM.attributes
                0x00000292       0x34 ./Core/Src/telemetry.o
 .ARM.attributes
                0x000002c6       0x21 ./Core/Startup/startup_stm32f411ceux.o
 .ARM.attributes
                0x000002e7       0x34 ./Drivers/STM32F4xx_HAL_Driver/Src/stm32f4xx_hal.o
 .ARM.attributes
                0x0000031b       0x34 ./Drivers/STM32F4xx_HAL_Driver/Src/stm32f4xx_hal_cortex.o
 .ARM.attributes
                0x0000034f       0x34 ./Drivers/STM32F4xx_HAL_Driver/Src/stm32f4xx_hal_gpio.o
 .ARM.attributes
                0x00000383       0x34 ./Drivers/STM32F4xx_HAL_Driver/Src/stm32f4xx_hal_i2c.o
 .ARM.attributes
                0x000003b7       0x34 ./Drivers/STM32F4xx_HAL_Driver/Src/stm32f4xx_hal_rcc.o
 .ARM.attributes
                0x000003eb       0x34 ./Drivers/STM32F4xx_HAL_Driver/Src/stm32f4xx_hal_spi.o
 .ARM.attributes
                0x0000041f       0x34 /opt/st/stm32cubeide_2.1.0/plugins/com.st.stm32cube.ide.mcu.externaltools.gnu-tools-for-stm32.14.3.rel1.linux64_1.0.100.202602081740/tools/bin/../lib/gcc/arm-none-eabi/14.3.1/../../../../arm-none-eabi/lib/thumb/v7e-m+fp/hard/libc_nano.a(libc_a-findfp.o)
 .ARM.attributes
                0x00000453       0x34 /opt/st/stm32cubeide_2.1.0/plugins/com.st.stm32cube.ide.mcu.externaltools.gnu-tools-for-stm32.14.3.rel1.linux64_1.0.100.202602081740/tools/bin/../lib/gcc/arm-none-eabi/14.3.1/../../../../arm-none-eabi/lib/thumb/v7e-m+fp/hard/libc_nano.a(libc_a-fwalk.o)
 .ARM.attributes
                0x00000487       0x34 /opt/st/stm32cubeide_2.1.0/plugins/com.st.stm32cube.ide.mcu.externaltools.gnu-tools-for-stm32.14.3.rel1.linux64_1.0.100.202602081740/tools/bin/../lib/gcc/arm-none-eabi/14.3.1/../../../../arm-none-eabi/lib/thumb/v7e-m+fp/hard/libc_nano.a(libc_a-printf.o)
 .ARM.attributes
                0x000004bb       0x34 /opt/st/stm32cubeide_2.1.0/plugins/com.st.stm32cube.ide.mcu.externaltools.gnu-tools-for-stm32.14.3.rel1.linux64_1.0.100.202602081740/tools/bin/../lib/gcc/arm-none-eabi/14.3.1/../../../../arm-none-eabi/lib/thumb/v7e-m+fp/hard/libc_nano.a(libc_a-puts.o)
 .ARM.attributes
                0x000004ef       0x34 /opt/st/stm32cubeide_2.1.0/plugins/com.st.stm32cube.ide.mcu.externaltools.gnu-tools-for-stm32.14.3.rel1.linux64_1.0.100.202602081740/tools/bin/../lib/gcc/arm-none-eabi/14.3.1/../../../../arm-none-eabi/lib/thumb/v7e-m+fp/hard/libc_nano.a(libc_a-stdio.o)
 .ARM.attributes
                0x00000523       0x34 /opt/st/stm32cubeide_2.1.0/plugins/com.st.stm32cube.ide.mcu.externaltools.gnu-tools-for-stm32.14.3.rel1.linux64_1.0.100.202602081740/tools/bin/../lib/gcc/arm-none-eabi/14.3.1/../../../../arm-none-eabi/lib/thumb/v7e-m+fp/hard/libc_nano.a(libc_a-wbuf.o)
 .ARM.attributes
                0x00000557       0x34 /opt/st/stm32cubeide_2.1.0/plugins/com.st.stm32cube.ide.mcu.externaltools.gnu-tools-for-stm32.14.3.rel1.linux64_1.0.100.202602081740/tools/bin/../lib/gcc/arm-none-eabi/14.3.1/../../../../arm-none-eabi/lib/thumb/v7e-m+fp/hard/libc_nano.a(libc_a-wsetup.o)
 .ARM.attributes
                0x0000058b       0x34 /opt/st/stm32cubeide_2.1.0/plugins/com.st.stm32cube.ide.mcu.externaltools.gnu-tools-for-stm32.14.3.rel1.linux64_1.0.100.202602081740/tools/bin/../lib/gcc/arm-none-eabi/14.3.1/../../../../arm-none-eabi/lib/thumb/v7e-m+fp/hard/libc_nano.a(libc_a-memset.o)
 .ARM.attributes
                0x000005bf       0x34 /opt/st/stm32cubeide_2.1.0/plugins/com.st.stm32cube.ide.mcu.externaltools.gnu-tools-for-stm32.14.3.rel1.linux64_1.0.100.202602081740/tools/bin/../lib/gcc/arm-none-eabi/14.3.1/../../../../arm-none-eabi/lib/thumb/v7e-m+fp/hard/libc_nano.a(libc_a-closer.o)
 .ARM.attributes
                0x000005f3       0x34 /opt/st/stm32cubeide_2.1.0/plugins/com.st.stm32cube.ide.mcu.externaltools.gnu-tools-for-stm32.14.3.rel1.linux64_1.0.100.202602081740/tools/bin/../lib/gcc/arm-none-eabi/14.3.1/../../../../arm-none-eabi/lib/thumb/v7e-m+fp/hard/libc_nano.a(libc_a-reent.o)
 .ARM.attributes
                0x00000627       0x34 /opt/st/stm32cubeide_2.1.0/plugins/com.st.stm32cube.ide.mcu.externaltools.gnu-tools-for-stm32.14.3.rel1.linux64_1.0.100.202602081740/tools/bin/../lib/gcc/arm-none-eabi/14.3.1/../../../../arm-none-eabi/lib/thumb/v7e-m+fp/hard/libc_nano.a(libc_a-impure.o)
 .ARM.attributes
                0x0000065b       0x34 /opt/st/stm32cubeide_2.1.0/plugins/com.st.stm32cube.ide.mcu.externaltools.gnu-tools-for-stm32.14.3.rel1.linux64_1.0.100.202602081740/tools/bin/../lib/gcc/arm-none-eabi/14.3.1/../../../../arm-none-eabi/lib/thumb/v7e-m+fp/hard/libc_nano.a(libc_a-lseekr.o)
 .ARM.attributes
                0x0000068f       0x34 /opt/st/stm32cubeide_2.1.0/plugins/com.st.stm32cube.ide.mcu.externaltools.gnu-tools-for-stm32.14.3.rel1.linux64_1.0.100.202602081740/tools/bin/../lib/gcc/arm-none-eabi/14.3.1/../../../../arm-none-eabi/lib/thumb/v7e-m+fp/hard/libc_nano.a(libc_a-readr.o)
 .ARM.attributes
                0x000006c3       0x34 /opt/st/stm32cubeide_2.1.0/plugins/com.st.stm32cube.ide.mcu.externaltools.gnu-tools-for-stm32.14.3.rel1.linux64_1.0.100.202602081740/tools/bin/../lib/gcc/arm-none-eabi/14.3.1/../../../../arm-none-eabi/lib/thumb/v7e-m+fp/hard/libc_nano.a(libc_a-writer.o)
 .ARM.attributes
                0x000006f7       0x34 /opt/st/stm32cubeide_2.1.0/plugins/com.st.stm32cube.ide.mcu.externaltools.gnu-tools-for-stm32.14.3.rel1.linux64_1.0.100.202602081740/tools/bin/../lib/gcc/arm-none-eabi/14.3.1/../../../../arm-none-eabi/lib/thumb/v7e-m+fp/hard/libc_nano.a(libc_a-errno.o)
 .ARM.attributes
                0x0000072b       0x34 /opt/st/stm32cubeide_2.1.0/plugins/com.st.stm32cube.ide.mcu.externaltools.gnu-tools-for-stm32.14.3.rel1.linux64_1.0.100.202602081740/tools/bin/../lib/gcc/arm-none-eabi/14.3.1/../../../../arm-none-eabi/lib/thumb/v7e-m+fp/hard/libc_nano.a(libc_a-init.o)
 .ARM.attributes
                0x0000075f       0x34 /opt/st/stm32cubeide_2.1.0/plugins/com.st.stm32cube.ide.mcu.externaltools.gnu-tools-for-stm32.14.3.rel1.linux64_1.0.100.202602081740/tools/bin/../lib/gcc/arm-none-eabi/14.3.1/../../../../arm-none-eabi/lib/thumb/v7e-m+fp/hard/libc_nano.a(libc_a-lock.o)
 .ARM.attributes
                0x00000793       0x34 /opt/st/stm32cubeide_2.1.0/plugins/com.st.stm32cube.ide.mcu.externaltools.gnu-tools-for-stm32.14.3.rel1.linux64_1.0.100.202602081740/tools/bin/../lib/gcc/arm-none-eabi/14.3.1/../../../../arm-none-eabi/lib/thumb/v7e-m+fp/hard/libc_nano.a(libc_a-memcpy-stub.o)
 .ARM.attributes
                0x000007c7       0x34 /opt/st/stm32cubeide_2.1.0/plugins/com.st.stm32cube.ide.mcu.externaltools.gnu-tools-for-stm32.14.3.rel1.linux64_1.0.100.202602081740/tools/bin/../lib/gcc/arm-none-eabi/14.3.1/../../../../arm-none-eabi/lib/thumb/v7e-m+fp/hard/libc_nano.a(libc_a-freer.o)
 .ARM.attributes
                0x000007fb       0x34 /opt/st/stm32cubeide_2.1.0/plugins/com.st.stm32cube.ide.mcu.externaltools.gnu-tools-for-stm32.14.3.rel1.linux64_1.0.100.202602081740/tools/bin/../lib/gcc/arm-none-eabi/14.3.1/../../../../arm-none-eabi/lib/thumb/v7e-m+fp/hard/libc_nano.a(libc_a-mallocr.o)
 .ARM.attributes
                0x0000082f       0x34 /opt/st/stm32cubeide_2.1.0/plugins/com.st.stm32cube.ide.mcu.externaltools.gnu-tools-for-stm32.14.3.rel1.linux64_1.0.100.202602081740/tools/bin/../lib/gcc/arm-none-eabi/14.3.1/../../../../arm-none-eabi/lib/thumb/v7e-m+fp/hard/libc_nano.a(libc_a-mlock.o)
 .ARM.attributes
                0x00000863       0x34 /opt/st/stm32cubeide_2.1.0/plugins/com.st.stm32cube.ide.mcu.externaltools.gnu-tools-for-stm32.14.3.rel1.linux64_1.0.100.202602081740/tools/bin/../lib/gcc/arm-none-eabi/14.3.1/../../../../arm-none-eabi/lib/thumb/v7e-m+fp/hard/libc_nano.a(libc_a-nano-vfprintf.o)
 .ARM.attributes
                0x00000897       0x34 /opt/st/stm32cubeide_2.1.0/plugins/com.st.stm32cube.ide.mcu.externaltools.gnu-tools-for-stm32.14.3.rel1.linux64_1.0.100.202602081740/tools/bin/../lib/gcc/arm-none-eabi/14.3.1/../../../../arm-none-eabi/lib/thumb/v7e-m+fp/hard/libc_nano.a(libc_a-nano-vfprintf_i.o)
 .ARM.attributes
                0x000008cb       0x34 /opt/st/stm32cubeide_2.1.0/plugins/com.st.stm32cube.ide.mcu.externaltools.gnu-tools-for-stm32.14.3.rel1.linux64_1.0.100.202602081740/tools/bin/../lib/gcc/arm-none-eabi/14.3.1/../../../../arm-none-eabi/lib/thumb/v7e-m+fp/hard/libc_nano.a(libc_a-fflush.o)
 .ARM.attributes
                0x000008ff       0x34 /opt/st/stm32cubeide_2.1.0/plugins/com.st.stm32cube.ide.mcu.externaltools.gnu-tools-for-stm32.14.3.rel1.linux64_1.0.100.202602081740/tools/bin/../lib/gcc/arm-none-eabi/14.3.1/../../../../arm-none-eabi/lib/thumb/v7e-m+fp/hard/libc_nano.a(libc_a-makebuf.o)
 .ARM.attributes
                0x00000933       0x34 /opt/st/stm32cubeide_2.1.0/plugins/com.st.stm32cube.ide.mcu.externaltools.gnu-tools-for-stm32.14.3.rel1.linux64_1.0.100.202602081740/tools/bin/../lib/gcc/arm-none-eabi/14.3.1/../../../../arm-none-eabi/lib/thumb/v7e-m+fp/hard/libc_nano.a(libc_a-fstatr.o)
 .ARM.attributes
                0x00000967       0x34 /opt/st/stm32cubeide_2.1.0/plugins/com.st.stm32cube.ide.mcu.externaltools.gnu-tools-for-stm32.14.3.rel1.linux64_1.0.100.202602081740/tools/bin/../lib/gcc/arm-none-eabi/14.3.1/../../../../arm-none-eabi/lib/thumb/v7e-m+fp/hard/libc_nano.a(libc_a-isattyr.o)
 .ARM.attributes
                0x0000099b       0x34 /opt/st/stm32cubeide_2.1.0/plugins/com.st.stm32cube.ide.mcu.externaltools.gnu-tools-for-stm32.14.3.rel1.linux64_1.0.100.202602081740/tools/bin/../lib/gcc/arm-none-eabi/14.3.1/../../../../arm-none-eabi/lib/thumb/v7e-m+fp/hard/libc_nano.a(libc_a-sbrkr.o)
 .ARM.attributes
                0x000009cf       0x1c /opt/st/stm32cubeide_2.1.0/plugins/com.st.stm32cube.ide.mcu.externaltools.gnu-tools-for-stm32.14.3.rel1.linux64_1.0.100.202602081740/tools/bin/../lib/gcc/arm-none-eabi/14.3.1/../../../../arm-none-eabi/lib/thumb/v7e-m+fp/hard/libc_nano.a(libc_a-memchr.o)
 .ARM.attributes
                0x000009eb       0x22 /opt/st/stm32cubeide_2.1.0/plugins/com.st.stm32cube.ide.mcu.externaltools.gnu-tools-for-stm32.14.3.rel1.linux64_1.0.100.202602081740/tools/bin/../lib/gcc/arm-none-eabi/14.3.1/thumb/v7e-m+fp/hard/libgcc.a(_aeabi_ldivmod.o)
 .ARM.attributes
                0x00000a0d       0x22 /opt/st/stm32cubeide_2.1.0/plugins/com.st.stm32cube.ide.mcu.externaltools.gnu-tools-for-stm32.14.3.rel1.linux64_1.0.100.202602081740/tools/bin/../lib/gcc/arm-none-eabi/14.3.1/thumb/v7e-m+fp/hard/libgcc.a(_aeabi_uldivmod.o)
 .ARM.attributes
                0x00000a2f       0x34 /opt/st/stm32cubeide_2.1.0/plugins/com.st.stm32cube.ide.mcu.externaltools.gnu-tools-for-stm32.14.3.rel1.linux64_1.0.100.202602081740/tools/bin/../lib/gcc/arm-none-eabi/14.3.1/thumb/v7e-m+fp/hard/libgcc.a(_udivmoddi4.o)
 .ARM.attributes
                0x00000a63       0x22 /opt/st/stm32cubeide_2.1.0/plugins/com.st.stm32cube.ide.mcu.externaltools.gnu-tools-for-stm32.14.3.rel1.linux64_1.0.100.202602081740/tools/bin/../lib/gcc/arm-none-eabi/14.3.1/thumb/v7e-m+fp/hard/libgcc.a(_dvmd_tls.o)
 .ARM.attributes
                0x00000a85       0x22 /opt/st/stm32cubeide_2.1.0/plugins/com.st.stm32cube.ide.mcu.externaltools.gnu-tools-for-stm32.14.3.rel1.linux64_1.0.100.202602081740/tools/bin/../lib/gcc/arm-none-eabi/14.3.1/thumb/v7e-m+fp/hard/crtn.o
OUTPUT(Fly_Computer_CANSAT_2026.elf elf32-littlearm)
LOAD linker stubs
LOAD /opt/st/stm32cubeide_2.1.0/plugins/com.st.stm32cube.ide.mcu.externaltools.gnu-tools-for-stm32.14.3.rel1.linux64_1.0.100.202602081740/tools/bin/../lib/gcc/arm-none-eabi/14.3.1/../../../../arm-none-eabi/lib/thumb/v7e-m+fp/hard/libc.a
LOAD /opt/st/stm32cubeide_2.1.0/plugins/com.st.stm32cube.ide.mcu.externaltools.gnu-tools-for-stm32.14.3.rel1.linux64_1.0.100.202602081740/tools/bin/../lib/gcc/arm-none-eabi/14.3.1/../../../../arm-none-eabi/lib/thumb/v7e-m+fp/hard/libm.a
LOAD /opt/st/stm32cubeide_2.1.0/plugins/com.st.stm32cube.ide.mcu.externaltools.gnu-tools-for-stm32.14.3.rel1.linux64_1.0.100.202602081740/tools/bin/../lib/gcc/arm-none-eabi/14.3.1/thumb/v7e-m+fp/hard/libgcc.a

.debug_info     0x00000000    0x10a57
 .debug_info    0x00000000     0x2f46 ./Core/Src/main.o
 .debug_info    0x00002f46     0x31f8 ./Core/Src/sh2.o
 .debug_info    0x0000613e     0x182b ./Core/Src/sh2_SensorValue.o
 .debug_info    0x00007969      0x35f ./Core/Src/sh2_util.o
 .debug_info    0x00007cc8      0x7f8 ./Core/Src/shtp.o
 .debug_info    0x000084c0      0xc6c ./Core/Src/stm32f4xx_hal_msp.o
 .debug_info    0x0000912c      0x14a ./Core/Src/stm32f4xx_it.o
 .debug_info    0x00009276      0x87d ./Core/Src/sx1278.o
 .debug_info    0x00009af3      0x6a3 ./Core/Src/syscalls.o
 .debug_info    0x0000a196      0x168 ./Core/Src/sysmem.o
 .debug_info    0x0000a2fe      0x53e ./Core/Src/system_stm32f4xx.o
 .debug_info    0x0000a83c      0x2d8 ./Core/Src/telemetry.o
 .debug_info    0x0000ab14       0x30 ./Core/Startup/startup_stm32f411ceux.o
 .debug_info    0x0000ab44      0x8c4 ./Drivers/STM32F4xx_HAL_Driver/Src/stm32f4xx_hal.o
 .debug_info    0x0000b408      0xcfc ./Drivers/STM32F4xx_HAL_Driver/Src/stm32f4xx_hal_cortex.o
 .debug_info    0x0000c104      0x6f9 ./Drivers/STM32F4xx_HAL_Driver/Src/stm32f4xx_hal_gpio.o
 .debug_info    0x0000c7fd     0x2426 ./Drivers/STM32F4xx_HAL_Driver/Src/stm32f4xx_hal_i2c.o
 .debug_info    0x0000ec23      0x904 ./Drivers/STM32F4xx_HAL_Driver/Src/stm32f4xx_hal_rcc.o
 .debug_info    0x0000f527     0x1530 ./Drivers/STM32F4xx_HAL_Driver/Src/stm32f4xx_hal_spi.o

.debug_abbrev   0x00000000     0x25f4
 .debug_abbrev  0x00000000      0x4b2 ./Core/Src/main.o
 .debug_abbrev  0x000004b2      0x33e ./Core/Src/sh2.o
 .debug_abbrev  0x000007f0      0x220 ./Core/Src/sh2_SensorValue.o
 .debug_abbrev  0x00000a10       0xd8 ./Core/Src/sh2_util.o
 .debug_abbrev  0x00000ae8      0x27b ./Core/Src/shtp.o
 .debug_abbrev  0x00000d63      0x1ac ./Core/Src/stm32f4xx_hal_msp.o
 .debug_abbrev  0x00000f0f       0xa0 ./Core/Src/stm32f4xx_it.o
 .debug_abbrev  0x00000faf      0x26c ./Core/Src/sx1278.o
 .debug_abbrev  0x0000121b      0x1b6 ./Core/Src/syscalls.o
 .debug_abbrev  0x000013d1       0xbc ./Core/Src/sysmem.o
 .debug_abbrev  0x0000148d      0x11a ./Core/Src/system_stm32f4xx.o
 .debug_abbrev  0x000015a7      0x106 ./Core/Src/telemetry.o
 .debug_abbrev  0x000016ad       0x24 ./Core/Startup/startup_stm32f411ceux.o
 .debug_abbrev  0x000016d1      0x24b ./Drivers/STM32F4xx_HAL_Driver/Src/stm32f4xx_hal.o
 .debug_abbrev  0x0000191c      0x31d ./Drivers/STM32F4xx_HAL_Driver/Src/stm32f4xx_hal_cortex.o
 .debug_abbrev  0x00001c39      0x1d3 ./Drivers/STM32F4xx_HAL_Driver/Src/stm32f4xx_hal_gpio.o
 .debug_abbrev  0x00001e0c      0x2bc ./Drivers/STM32F4xx_HAL_Driver/Src/stm32f4xx_hal_i2c.o
 .debug_abbrev  0x000020c8      0x2b6 ./Drivers/STM32F4xx_HAL_Driver/Src/stm32f4xx_hal_rcc.o
 .debug_abbrev  0x0000237e      0x276 ./Drivers/STM32F4xx_HAL_Driver/Src/stm32f4xx_hal_spi.o

.debug_aranges  0x00000000      0xfe8
 .debug_aranges
                0x00000000       0xf0 ./Core/Src/main.o
 .debug_aranges
                0x000000f0      0x2e0 ./Core/Src/sh2.o
 .debug_aranges
                0x000003d0      0x168 ./Core/Src/sh2_SensorValue.o
 .debug_aranges
                0x00000538       0x78 ./Core/Src/sh2_util.o
 .debug_aranges
                0x000005b0       0x70 ./Core/Src/shtp.o
 .debug_aranges
                0x00000620       0x40 ./Core/Src/stm32f4xx_hal_msp.o
 .debug_aranges
                0x00000660       0x68 ./Core/Src/stm32f4xx_it.o
 .debug_aranges
                0x000006c8       0x60 ./Core/Src/sx1278.o
 .debug_aranges
                0x00000728       0xa8 ./Core/Src/syscalls.o
 .debug_aranges
                0x000007d0       0x20 ./Core/Src/sysmem.o
 .debug_aranges
                0x000007f0       0x28 ./Core/Src/system_stm32f4xx.o
 .debug_aranges
                0x00000818       0x30 ./Core/Src/telemetry.o
 .debug_aranges
                0x00000848       0x28 ./Core/Startup/startup_stm32f411ceux.o
 .debug_aranges
                0x00000870       0xf0 ./Drivers/STM32F4xx_HAL_Driver/Src/stm32f4xx_hal.o
 .debug_aranges
                0x00000960      0x130 ./Drivers/STM32F4xx_HAL_Driver/Src/stm32f4xx_hal_cortex.o
 .debug_aranges
                0x00000a90       0x58 ./Drivers/STM32F4xx_HAL_Driver/Src/stm32f4xx_hal_gpio.o
 .debug_aranges
                0x00000ae8      0x2a8 ./Drivers/STM32F4xx_HAL_Driver/Src/stm32f4xx_hal_i2c.o
 .debug_aranges
                0x00000d90       0x88 ./Drivers/STM32F4xx_HAL_Driver/Src/stm32f4xx_hal_rcc.o
 .debug_aranges
                0x00000e18      0x1d0 ./Drivers/STM32F4xx_HAL_Driver/Src/stm32f4xx_hal_spi.o

.debug_rnglists
                0x00000000      0xc25
 .debug_rnglists
                0x00000000       0xb8 ./Core/Src/main.o
 .debug_rnglists
                0x000000b8      0x237 ./Core/Src/sh2.o
 .debug_rnglists
                0x000002ef      0x119 ./Core/Src/sh2_SensorValue.o
 .debug_rnglists
                0x00000408       0x55 ./Core/Src/sh2_util.o
 .debug_rnglists
                0x0000045d       0x51 ./Core/Src/shtp.o
 .debug_rnglists
                0x000004ae       0x2d ./Core/Src/stm32f4xx_hal_msp.o
 .debug_rnglists
                0x000004db       0x49 ./Core/Src/stm32f4xx_it.o
 .debug_rnglists
                0x00000524       0x44 ./Core/Src/sx1278.o
 .debug_rnglists
                0x00000568       0x79 ./Core/Src/syscalls.o
 .debug_rnglists
                0x000005e1       0x13 ./Core/Src/sysmem.o
 .debug_rnglists
                0x000005f4       0x1a ./Core/Src/system_stm32f4xx.o
 .debug_rnglists
                0x0000060e       0x1f ./Core/Src/telemetry.o
 .debug_rnglists
                0x0000062d       0x19 ./Core/Startup/startup_stm32f411ceux.o
 .debug_rnglists
                0x00000646       0xaf ./Drivers/STM32F4xx_HAL_Driver/Src/stm32f4xx_hal.o
 .debug_rnglists
                0x000006f5       0xe0 ./Drivers/STM32F4xx_HAL_Driver/Src/stm32f4xx_hal_cortex.o
 .debug_rnglists
                0x000007d5       0x3f ./Drivers/STM32F4xx_HAL_Driver/Src/stm32f4xx_hal_gpio.o
 .debug_rnglists
                0x00000814      0x23c ./Drivers/STM32F4xx_HAL_Driver/Src/stm32f4xx_hal_i2c.o
 .debug_rnglists
                0x00000a50       0x66 ./Drivers/STM32F4xx_HAL_Driver/Src/stm32f4xx_hal_rcc.o
 .debug_rnglists
                0x00000ab6      0x16f ./Drivers/STM32F4xx_HAL_Driver/Src/stm32f4xx_hal_spi.o

.debug_macro    0x00000000    0x1656e
 .debug_macro   0x00000000      0x38c ./Core/Src/main.o
 .debug_macro   0x0000038c      0x29b ./Core/Src/main.o
 .debug_macro   0x00000627       0x2e ./Core/Src/main.o
 .debug_macro   0x00000655       0x28 ./Core/Src/main.o
 .debug_macro   0x0000067d       0x8e ./Core/Src/main.o
 .debug_macro   0x0000070b       0x51 ./Core/Src/main.o
 .debug_macro   0x0000075c      0x103 ./Core/Src/main.o
 .debug_macro   0x0000085f       0x6a ./Core/Src/main.o
 .debug_macro   0x000008c9      0x1df ./Core/Src/main.o
 .debug_macro   0x00000aa8       0x1c ./Core/Src/main.o
 .debug_macro   0x00000ac4       0x22 ./Core/Src/main.o
 .debug_macro   0x00000ae6       0xfb ./Core/Src/main.o
 .debug_macro   0x00000be1     0x1011 ./Core/Src/main.o
 .debug_macro   0x00001bf2      0x11f ./Core/Src/main.o
 .debug_macro   0x00001d11     0xb968 ./Core/Src/main.o
 .debug_macro   0x0000d679       0x6d ./Core/Src/main.o
 .debug_macro   0x0000d6e6     0x3693 ./Core/Src/main.o
 .debug_macro   0x00010d79       0x5c ./Core/Src/main.o
 .debug_macro   0x00010dd5      0x45c ./Core/Src/main.o
 .debug_macro   0x00011231      0x9e9 ./Core/Src/main.o
 .debug_macro   0x00011c1a      0x115 ./Core/Src/main.o
 .debug_macro   0x00011d2f      0x11b ./Core/Src/main.o
 .debug_macro   0x00011e4a       0xa5 ./Core/Src/main.o
 .debug_macro   0x00011eef      0x15f ./Core/Src/main.o
 .debug_macro   0x0001204e      0x287 ./Core/Src/main.o
 .debug_macro   0x000122d5       0x5f ./Core/Src/main.o
 .debug_macro   0x00012334      0x236 ./Core/Src/main.o
 .debug_macro   0x0001256a      0x132 ./Core/Src/main.o
 .debug_macro   0x0001269c      0x264 ./Core/Src/main.o
 .debug_macro   0x00012900       0x2e ./Core/Src/main.o
 .debug_macro   0x0001292e      0x1b5 ./Core/Src/main.o
 .debug_macro   0x00012ae3       0x22 ./Core/Src/main.o
 .debug_macro   0x00012b05       0xd6 ./Core/Src/main.o
 .debug_macro   0x00012bdb      0x127 ./Core/Src/main.o
 .debug_macro   0x00012d02       0x85 ./Core/Src/main.o
 .debug_macro   0x00012d87       0x89 ./Core/Src/main.o
 .debug_macro   0x00012e10      0x225 ./Core/Src/main.o
 .debug_macro   0x00013035      0x126 ./Core/Src/main.o
 .debug_macro   0x0001315b       0x28 ./Core/Src/main.o
 .debug_macro   0x00013183       0x61 ./Core/Src/main.o
 .debug_macro   0x000131e4       0x16 ./Core/Src/main.o
 .debug_macro   0x000131fa       0x3c ./Core/Src/main.o
 .debug_macro   0x00013236       0x10 ./Core/Src/main.o
 .debug_macro   0x00013246       0x16 ./Core/Src/main.o
 .debug_macro   0x0001325c       0x16 ./Core/Src/main.o
 .debug_macro   0x00013272      0x146 ./Core/Src/main.o
 .debug_macro   0x000133b8       0x16 ./Core/Src/main.o
 .debug_macro   0x000133ce       0x20 ./Core/Src/main.o
 .debug_macro   0x000133ee       0x22 ./Core/Src/main.o
 .debug_macro   0x00013410       0x22 ./Core/Src/main.o
 .debug_macro   0x00013432      0x2a9 ./Core/Src/main.o
 .debug_macro   0x000136db       0xc1 ./Core/Src/main.o
 .debug_macro   0x0001379c      0x422 ./Core/Src/sh2.o
 .debug_macro   0x00013bbe       0x34 ./Core/Src/sh2.o
 .debug_macro   0x00013bf2       0x10 ./Core/Src/sh2.o
 .debug_macro   0x00013c02       0x10 ./Core/Src/sh2.o
 .debug_macro   0x00013c12       0x1c ./Core/Src/sh2.o
 .debug_macro   0x00013c2e       0x1c ./Core/Src/sh2.o
 .debug_macro   0x00013c4a      0x188 ./Core/Src/sh2_SensorValue.o
 .debug_macro   0x00013dd2       0x9e ./Core/Src/sh2_SensorValue.o
 .debug_macro   0x00013e70      0x112 ./Core/Src/sh2_SensorValue.o
 .debug_macro   0x00013f82       0x73 ./Core/Src/sh2_util.o
 .debug_macro   0x00013ff5      0x16d ./Core/Src/shtp.o
 .debug_macro   0x00014162      0x1e2 ./Core/Src/stm32f4xx_hal_msp.o
 .debug_macro   0x00014344      0x1ec ./Core/Src/stm32f4xx_it.o
 .debug_macro   0x00014530      0x204 ./Core/Src/sx1278.o
 .debug_macro   0x00014734      0x274 ./Core/Src/syscalls.o
 .debug_macro   0x000149a8       0x10 ./Core/Src/syscalls.o
 .debug_macro   0x000149b8       0x10 ./Core/Src/syscalls.o
 .debug_macro   0x000149c8       0x10 ./Core/Src/syscalls.o
 .debug_macro   0x000149d8       0x10 ./Core/Src/syscalls.o
 .debug_macro   0x000149e8       0x1c ./Core/Src/syscalls.o
 .debug_macro   0x00014a04       0x52 ./Core/Src/syscalls.o
 .debug_macro   0x00014a56       0x22 ./Core/Src/syscalls.o
 .debug_macro   0x00014a78       0x10 ./Core/Src/syscalls.o
 .debug_macro   0x00014a88       0x52 ./Core/Src/syscalls.o
 .debug_macro   0x00014ada       0xcf ./Core/Src/syscalls.o
 .debug_macro   0x00014ba9       0x1c ./Core/Src/syscalls.o
 .debug_macro   0x00014bc5       0x3d ./Core/Src/syscalls.o
 .debug_macro   0x00014c02       0x35 ./Core/Src/syscalls.o
 .debug_macro   0x00014c37      0x12c ./Core/Src/syscalls.o
 .debug_macro   0x00014d63       0x16 ./Core/Src/syscalls.o
 .debug_macro   0x00014d79       0x16 ./Core/Src/syscalls.o
 .debug_macro   0x00014d8f       0x29 ./Core/Src/syscalls.o
 .debug_macro   0x00014db8       0x10 ./Core/Src/syscalls.o
 .debug_macro   0x00014dc8      0x242 ./Core/Src/syscalls.o
 .debug_macro   0x0001500a       0x10 ./Core/Src/syscalls.o
 .debug_macro   0x0001501a      0x18a ./Core/Src/syscalls.o
 .debug_macro   0x000151a4       0x16 ./Core/Src/syscalls.o
 .debug_macro   0x000151ba       0xce ./Core/Src/syscalls.o
 .debug_macro   0x00015288      0x112 ./Core/Src/sysmem.o
 .debug_macro   0x0001539a      0x23c ./Core/Src/sysmem.o
 .debug_macro   0x000155d6      0x1d3 ./Core/Src/system_stm32f4xx.o
 .debug_macro   0x000157a9      0x1ec ./Core/Src/telemetry.o
 .debug_macro   0x00015995      0x233 ./Drivers/STM32F4xx_HAL_Driver/Src/stm32f4xx_hal.o
 .debug_macro   0x00015bc8      0x1d3 ./Drivers/STM32F4xx_HAL_Driver/Src/stm32f4xx_hal_cortex.o
 .debug_macro   0x00015d9b      0x1d9 ./Drivers/STM32F4xx_HAL_Driver/Src/stm32f4xx_hal_gpio.o
 .debug_macro   0x00015f74      0x221 ./Drivers/STM32F4xx_HAL_Driver/Src/stm32f4xx_hal_i2c.o
 .debug_macro   0x00016195      0x1f7 ./Drivers/STM32F4xx_HAL_Driver/Src/stm32f4xx_hal_rcc.o
 .debug_macro   0x0001638c      0x1e2 ./Drivers/STM32F4xx_HAL_Driver/Src/stm32f4xx_hal_spi.o

.debug_line     0x00000000    0x102d9
 .debug_line    0x00000000     0x1148 ./Core/Src/main.o
 .debug_line    0x00001148     0x1bbd ./Core/Src/sh2.o
 .debug_line    0x00002d05     0x11c0 ./Core/Src/sh2_SensorValue.o
 .debug_line    0x00003ec5      0x574 ./Core/Src/sh2_util.o
 .debug_line    0x00004439      0x8a4 ./Core/Src/shtp.o
 .debug_line    0x00004cdd      0x729 ./Core/Src/stm32f4xx_hal_msp.o
 .debug_line    0x00005406      0x755 ./Core/Src/stm32f4xx_it.o
 .debug_line    0x00005b5b      0x797 ./Core/Src/sx1278.o
 .debug_line    0x000062f2      0x827 ./Core/Src/syscalls.o
 .debug_line    0x00006b19      0x503 ./Core/Src/sysmem.o
 .debug_line    0x0000701c      0x704 ./Core/Src/system_stm32f4xx.o
 .debug_line    0x00007720      0x6fe ./Core/Src/telemetry.o
 .debug_line    0x00007e1e       0x7a ./Core/Startup/startup_stm32f411ceux.o
 .debug_line    0x00007e98      0x983 ./Drivers/STM32F4xx_HAL_Driver/Src/stm32f4xx_hal.o
 .debug_line    0x0000881b      0xc50 ./Drivers/STM32F4xx_HAL_Driver/Src/stm32f4xx_hal_cortex.o
 .debug_line    0x0000946b      0xa99 ./Drivers/STM32F4xx_HAL_Driver/Src/stm32f4xx_hal_gpio.o
 .debug_line    0x00009f04     0x3a2d ./Drivers/STM32F4xx_HAL_Driver/Src/stm32f4xx_hal_i2c.o
 .debug_line    0x0000d931      0xd8d ./Drivers/STM32F4xx_HAL_Driver/Src/stm32f4xx_hal_rcc.o
 .debug_line    0x0000e6be     0x1c1b ./Drivers/STM32F4xx_HAL_Driver/Src/stm32f4xx_hal_spi.o

.debug_str      0x00000000    0x8df4b
 .debug_str     0x00000000    0x8df4b ./Core/Src/main.o
                              0x87e61 (size before relaxing)
 .debug_str     0x0008df4b     0xab29 ./Core/Src/sh2.o
 .debug_str     0x0008df4b     0x9bae ./Core/Src/sh2_SensorValue.o
 .debug_str     0x0008df4b     0x3ee2 ./Core/Src/sh2_util.o
 .debug_str     0x0008df4b     0x77ee ./Core/Src/shtp.o
 .debug_str     0x0008df4b    0x819fc ./Core/Src/stm32f4xx_hal_msp.o
 .debug_str     0x0008df4b    0x81218 ./Core/Src/stm32f4xx_it.o
 .debug_str     0x0008df4b    0x81780 ./Core/Src/sx1278.o
 .debug_str     0x0008df4b     0x99a6 ./Core/Src/syscalls.o
 .debug_str     0x0008df4b     0x7750 ./Core/Src/sysmem.o
 .debug_str     0x0008df4b    0x8127f ./Core/Src/system_stm32f4xx.o
 .debug_str     0x0008df4b    0x81268 ./Core/Src/telemetry.o
 .debug_str     0x0008df4b       0xc8 ./Core/Startup/startup_stm32f411ceux.o
 .debug_str     0x0008df4b    0x81cab ./Drivers/STM32F4xx_HAL_Driver/Src/stm32f4xx_hal.o
 .debug_str     0x0008df4b    0x81a15 ./Drivers/STM32F4xx_HAL_Driver/Src/stm32f4xx_hal_cortex.o